new:168:14:void* operator new(std::size_t, void*)	16	static
new:174:13:void operator delete(void*, void*)	16	static
char_traits.h:284:7:static constexpr void std::char_traits<char>::assign(std::char_traits<char>::char_type&, const char_type&)	16	static
char_traits.h:314:7:static constexpr std::size_t std::char_traits<char>::length(const char_type*)	24	static
char_traits.h:346:7:static std::char_traits<char>::char_type* std::char_traits<char>::copy(std::char_traits<char>::char_type*, const char_type*, std::size_t)	24	static
gthr-default.h:229:1:int __gthread_key_delete(__gthread_key_t)	16	static
stl_tree.h:173:5:std::_Rb_tree_header::_Rb_tree_header()	16	static
stl_tree.h:206:5:void std::_Rb_tree_header::_M_reset()	16	static
fsl_gpio.h:251:20:void GPIO_PortEnableInterrupts(GPIO_Type*, uint32_t)	16	static
fsl_gpio.h:293:24:uint32_t GPIO_PortGetInterruptFlags(GPIO_Type*)	16	static
fsl_gpio.h:316:20:void GPIO_PortClearInterruptFlags(GPIO_Type*, uint32_t)	16	static
drv_extInt.hpp:25:7:void extInt_t::setMode(gpio_interrupt_mode_t)	16	static
drv_extInt.hpp:30:7:void extInt_t::setEnable(bool)	16	static
drv_extInt.hpp:37:2:extInt_t::extInt_t(GPIO_Type*, uint32_t, extInt_t::handler_t, gpio_interrupt_mode_t, bool)	32	static
stl_tree.h:692:9:std::_Rb_tree<long unsigned int, std::pair<const long unsigned int, std::map<long unsigned int, extInt_t> >, std::_Select1st<std::pair<const long unsigned int, std::map<long unsigned int, extInt_t> > >, std::less<long unsigned int>, std::allocator<std::pair<const long unsigned int, std::map<long unsigned int, extInt_t> > > >::_Rb_tree_impl<std::less<long unsigned int>, true>::~_Rb_tree_impl()	16	static
stl_tree.h:929:7:std::_Rb_tree<_Key, _Val, _KeyOfValue, _Compare, _Alloc>::_Rb_tree() [with _Key = long unsigned int; _Val = std::pair<const long unsigned int, std::map<long unsigned int, extInt_t> >; _KeyOfValue = std::_Select1st<std::pair<const long unsigned int, std::map<long unsigned int, extInt_t> > >; _Compare = std::less<long unsigned int>; _Alloc = std::allocator<std::pair<const long unsigned int, std::map<long unsigned int, extInt_t> > >]	16	static
stl_map.h:183:7:std::map<_Key, _Tp, _Compare, _Alloc>::map() [with _Key = long unsigned int; _Tp = std::map<long unsigned int, extInt_t>; _Compare = std::less<long unsigned int>; _Alloc = std::allocator<std::pair<const long unsigned int, std::map<long unsigned int, extInt_t> > >]	16	static
drv_extInt.cpp:5:11:static extInt_t& extInt_t::insert(GPIO_Type*, uint32_t, extInt_t::handler_t, gpio_interrupt_mode_t, bool)	64	static
drv_extInt.cpp:11:6:static void extInt_t::isr(GPIO_Type*)	64	static
drv_extInt.cpp:25:6:void extInt_t::setup(GPIO_Type*, uint32_t, extInt_t::handler_t, gpio_interrupt_mode_t, bool)	64	static
char_traits.h:161:5:static constexpr std::size_t __gnu_cxx::char_traits<_CharT>::length(const char_type*) [with _CharT = char]	24	static
char_traits.h:100:7:static constexpr bool __gnu_cxx::char_traits<_CharT>::eq(const char_type&, const char_type&) [with _CharT = char]	16	static
basic_string.h:139:14:std::__cxx11::basic_string<char>::_Alloc_hider::~_Alloc_hider()	16	static
basic_string.h:656:7:std::__cxx11::basic_string<_CharT, _Traits, _Alloc>::~basic_string() [with _CharT = char; _Traits = std::char_traits<char>; _Alloc = std::allocator<char>]	16	static
stl_tree.h:699:4:std::_Rb_tree<_Key, _Val, _KeyOfValue, _Compare, _Alloc>::_Rb_tree_impl<_Key_compare, <anonymous> >::_Rb_tree_impl() [with _Key_compare = std::less<long unsigned int>; bool <anonymous> = true; _Key = long unsigned int; _Val = std::pair<const long unsigned int, std::map<long unsigned int, extInt_t> >; _KeyOfValue = std::_Select1st<std::pair<const long unsigned int, std::map<long unsigned int, extInt_t> > >; _Compare = std::less<long unsigned int>; _Alloc = std::allocator<std::pair<const long unsigned int, std::map<long unsigned int, extInt_t> > >]	16	static
allocator.h:139:7:std::allocator< <template-parameter-1-1> >::~allocator() [with _Tp = std::_Rb_tree_node<std::pair<const long unsigned int, std::map<long unsigned int, extInt_t> > >]	16	static
stl_tree.h:964:7:std::_Rb_tree<_Key, _Val, _KeyOfValue, _Compare, _Alloc>::~_Rb_tree() [with _Key = long unsigned int; _Val = std::pair<const long unsigned int, std::map<long unsigned int, extInt_t> >; _KeyOfValue = std::_Select1st<std::pair<const long unsigned int, std::map<long unsigned int, extInt_t> > >; _Compare = std::less<long unsigned int>; _Alloc = std::allocator<std::pair<const long unsigned int, std::map<long unsigned int, extInt_t> > >]	16	static
move.h:99:5:constexpr typename std::remove_reference<_Tp>::type&& std::move(_Tp&&) [with _Tp = long unsigned int&]	16	static
move.h:74:5:constexpr _Tp&& std::forward(typename std::remove_reference<_Tp>::type&) [with _Tp = long unsigned int]	16	static
tuple:1475:5:) [with _Elements = {long unsigned int}]	16	static
tuple:646:19: (_Elements) >= 1)), bool>::type <anonymous> = 1; _Elements = {long unsigned int&&}]	24	static
tuple:365:19:constexpr std::_Tuple_impl<_Idx, _Head>::_Tuple_impl(_UHead&&) [with _UHead = long unsigned int; unsigned int _Idx = 0; _Head = long unsigned int&&]	24	static
tuple:132:19:constexpr std::_Head_base<_Idx, _Head, false>::_Head_base(_UHead&&) [with _UHead = long unsigned int; unsigned int _Idx = 0; _Head = long unsigned int&&]	16	static
stl_map.h:510:7:std::map<_Key, _Tp, _Compare, _Alloc>::mapped_type& std::map<_Key, _Tp, _Compare, _Alloc>::operator[](std::map<_Key, _Tp, _Compare, _Alloc>::key_type&&) [with _Key = long unsigned int; _Tp = std::map<long unsigned int, extInt_t>; _Compare = std::less<long unsigned int>; _Alloc = std::allocator<std::pair<const long unsigned int, std::map<long unsigned int, extInt_t> > >]	56	static
tuple:608:19: (_Elements) >= 1)), bool>::type <anonymous> = 1; _Elements = {const long unsigned int&}]	16	static
tuple:360:17:constexpr std::_Tuple_impl<_Idx, _Head>::_Tuple_impl(const _Head&) [with unsigned int _Idx = 0; _Head = const long unsigned int&]	16	static
tuple:125:17:constexpr std::_Head_base<_Idx, _Head, false>::_Head_base(const _Head&) [with unsigned int _Idx = 0; _Head = const long unsigned int&]	16	static
stl_map.h:490:7:std::map<_Key, _Tp, _Compare, _Alloc>::mapped_type& std::map<_Key, _Tp, _Compare, _Alloc>::operator[](const key_type&) [with _Key = long unsigned int; _Tp = extInt_t; _Compare = std::less<long unsigned int>; _Alloc = std::allocator<std::pair<const long unsigned int, extInt_t> >]	56	static
stl_map.h:354:7:std::map<_Key, _Tp, _Compare, _Alloc>::iterator std::map<_Key, _Tp, _Compare, _Alloc>::begin() [with _Key = long unsigned int; _Tp = extInt_t; _Compare = std::less<long unsigned int>; _Alloc = std::allocator<std::pair<const long unsigned int, extInt_t> >]	16	static
stl_map.h:372:7:std::map<_Key, _Tp, _Compare, _Alloc>::iterator std::map<_Key, _Tp, _Compare, _Alloc>::end() [with _Key = long unsigned int; _Tp = extInt_t; _Compare = std::less<long unsigned int>; _Alloc = std::allocator<std::pair<const long unsigned int, extInt_t> >]	16	static
stl_tree.h:319:7:bool std::_Rb_tree_iterator<_Tp>::operator!=(const _Self&) const [with _Tp = std::pair<const long unsigned int, extInt_t>]	16	static
stl_tree.h:285:7:std::_Rb_tree_iterator<_Tp>::_Self& std::_Rb_tree_iterator<_Tp>::operator++() [with _Tp = std::pair<const long unsigned int, extInt_t>]	16	static
stl_tree.h:277:7:_Tp& std::_Rb_tree_iterator<_Tp>::operator*() const [with _Tp = std::pair<const long unsigned int, extInt_t>]	16	static
basic_string.h:514:7:std::__cxx11::basic_string<_CharT, _Traits, _Alloc>::basic_string(const _CharT*, const _Alloc&) [with <template-parameter-2-1> = std::allocator<char>; _CharT = char; _Traits = std::char_traits<char>; _Alloc = std::allocator<char>]	32	static
basic_string.h:175:7:std::__cxx11::basic_string<_CharT, _Traits, _Alloc>::pointer std::__cxx11::basic_string<_CharT, _Traits, _Alloc>::_M_data() const [with _CharT = char; _Traits = std::char_traits<char>; _Alloc = std::allocator<char>]	16	static
basic_string.h:218:7:void std::__cxx11::basic_string<_CharT, _Traits, _Alloc>::_M_dispose() [with _CharT = char; _Traits = std::char_traits<char>; _Alloc = std::allocator<char>]	16	static
basic_string.h:179:7:std::__cxx11::basic_string<_CharT, _Traits, _Alloc>::pointer std::__cxx11::basic_string<_CharT, _Traits, _Alloc>::_M_local_data() [with _CharT = char; _Traits = std::char_traits<char>; _Alloc = std::allocator<char>]	16	static
basic_string.h:145:2:std::__cxx11::basic_string<_CharT, _Traits, _Alloc>::_Alloc_hider::_Alloc_hider(std::__cxx11::basic_string<_CharT, _Traits, _Alloc>::pointer, const _Alloc&) [with _CharT = char; _Traits = std::char_traits<char>; _Alloc = std::allocator<char>]	24	static
basic_string.h:252:9:void std::__cxx11::basic_string<_CharT, _Traits, _Alloc>::_M_construct(_InIterator, _InIterator) [with _InIterator = const char*; _CharT = char; _Traits = std::char_traits<char>; _Alloc = std::allocator<char>]	24	static
allocator.h:131:7:std::allocator< <template-parameter-1-1> >::allocator() [with _Tp = std::_Rb_tree_node<std::pair<const long unsigned int, std::map<long unsigned int, extInt_t> > >]	16	static
stl_tree.h:146:7:std::_Rb_tree_key_compare<_Key_compare>::_Rb_tree_key_compare() [with _Key_compare = std::less<long unsigned int>]	16	static
new_allocator.h:86:7:__gnu_cxx::new_allocator<_Tp>::~new_allocator() [with _Tp = std::_Rb_tree_node<std::pair<const long unsigned int, std::map<long unsigned int, extInt_t> > >]	16	static
stl_tree.h:1866:5:void std::_Rb_tree<_Key, _Val, _KeyOfValue, _Compare, _Alloc>::_M_erase(std::_Rb_tree<_Key, _Val, _KeyOfValue, _Compare, _Alloc>::_Link_type) [with _Key = long unsigned int; _Val = std::pair<const long unsigned int, std::map<long unsigned int, extInt_t> >; _KeyOfValue = std::_Select1st<std::pair<const long unsigned int, std::map<long unsigned int, extInt_t> > >; _Compare = std::less<long unsigned int>; _Alloc = std::allocator<std::pair<const long unsigned int, std::map<long unsigned int, extInt_t> > >]	24	static
stl_tree.h:752:7:std::_Rb_tree_node<_Val>* std::_Rb_tree<_Key, _Val, _KeyOfValue, _Compare, _Alloc>::_M_begin() [with _Key = long unsigned int; _Val = std::pair<const long unsigned int, std::map<long unsigned int, extInt_t> >; _KeyOfValue = std::_Select1st<std::pair<const long unsigned int, std::map<long unsigned int, extInt_t> > >; _Compare = std::less<long unsigned int>; _Alloc = std::allocator<std::pair<const long unsigned int, std::map<long unsigned int, extInt_t> > >]	16	static
stl_map.h:1238:7:std::map<_Key, _Tp, _Compare, _Alloc>::iterator std::map<_Key, _Tp, _Compare, _Alloc>::lower_bound(const key_type&) [with _Key = long unsigned int; _Tp = std::map<long unsigned int, extInt_t>; _Compare = std::less<long unsigned int>; _Alloc = std::allocator<std::pair<const long unsigned int, std::map<long unsigned int, extInt_t> > >]	16	static
stl_map.h:372:7:std::map<_Key, _Tp, _Compare, _Alloc>::iterator std::map<_Key, _Tp, _Compare, _Alloc>::end() [with _Key = long unsigned int; _Tp = std::map<long unsigned int, extInt_t>; _Compare = std::less<long unsigned int>; _Alloc = std::allocator<std::pair<const long unsigned int, std::map<long unsigned int, extInt_t> > >]	16	static
stl_tree.h:315:7:bool std::_Rb_tree_iterator<_Tp>::operator==(const _Self&) const [with _Tp = std::pair<const long unsigned int, std::map<long unsigned int, extInt_t> >]	16	static
stl_map.h:1141:7:std::map<_Key, _Tp, _Compare, _Alloc>::key_compare std::map<_Key, _Tp, _Compare, _Alloc>::key_comp() const [with _Key = long unsigned int; _Tp = std::map<long unsigned int, extInt_t>; _Compare = std::less<long unsigned int>; _Alloc = std::allocator<std::pair<const long unsigned int, std::map<long unsigned int, extInt_t> > >]	24	static
stl_tree.h:277:7:_Tp& std::_Rb_tree_iterator<_Tp>::operator*() const [with _Tp = std::pair<const long unsigned int, std::map<long unsigned int, extInt_t> >]	16	static
stl_function.h:385:7:constexpr bool std::less<_Tp>::operator()(const _Tp&, const _Tp&) const [with _Tp = long unsigned int]	24	static
stl_tree.h:348:7:std::_Rb_tree_const_iterator<_Tp>::_Rb_tree_const_iterator(const iterator&) [with _Tp = std::pair<const long unsigned int, std::map<long unsigned int, extInt_t> >]	16	static
move.h:74:5:constexpr _Tp&& std::forward(typename std::remove_reference<_Tp>::type&) [with _Tp = const std::piecewise_construct_t&]	16	static
move.h:74:5:constexpr _Tp&& std::forward(typename std::remove_reference<_Tp>::type&) [with _Tp = std::tuple<long unsigned int&&>]	16	static
move.h:74:5:constexpr _Tp&& std::forward(typename std::remove_reference<_Tp>::type&) [with _Tp = std::tuple<>]	16	static
stl_tree.h:2411:7:) [with _Args = {const std::piecewise_construct_t&, std::tuple<long unsigned int&&>, std::tuple<>}; _Key = long unsigned int; _Val = std::pair<const long unsigned int, std::map<long unsigned int, extInt_t> >; _KeyOfValue = std::_Select1st<std::pair<const long unsigned int, std::map<long unsigned int, extInt_t> > >; _Compare = std::less<long unsigned int>; _Alloc = std::allocator<std::pair<const long unsigned int, std::map<long unsigned int, extInt_t> > >]	48	static
stl_map.h:1238:7:std::map<_Key, _Tp, _Compare, _Alloc>::iterator std::map<_Key, _Tp, _Compare, _Alloc>::lower_bound(const key_type&) [with _Key = long unsigned int; _Tp = extInt_t; _Compare = std::less<long unsigned int>; _Alloc = std::allocator<std::pair<const long unsigned int, extInt_t> >]	16	static
stl_tree.h:315:7:bool std::_Rb_tree_iterator<_Tp>::operator==(const _Self&) const [with _Tp = std::pair<const long unsigned int, extInt_t>]	16	static
stl_map.h:1141:7:std::map<_Key, _Tp, _Compare, _Alloc>::key_compare std::map<_Key, _Tp, _Compare, _Alloc>::key_comp() const [with _Key = long unsigned int; _Tp = extInt_t; _Compare = std::less<long unsigned int>; _Alloc = std::allocator<std::pair<const long unsigned int, extInt_t> >]	24	static
stl_tree.h:348:7:std::_Rb_tree_const_iterator<_Tp>::_Rb_tree_const_iterator(const iterator&) [with _Tp = std::pair<const long unsigned int, extInt_t>]	16	static
move.h:74:5:constexpr _Tp&& std::forward(typename std::remove_reference<_Tp>::type&) [with _Tp = std::tuple<const long unsigned int&>]	16	static
stl_tree.h:2411:7:) [with _Args = {const std::piecewise_construct_t&, std::tuple<const long unsigned int&>, std::tuple<>}; _Key = long unsigned int; _Val = std::pair<const long unsigned int, extInt_t>; _KeyOfValue = std::_Select1st<std::pair<const long unsigned int, extInt_t> >; _Compare = std::less<long unsigned int>; _Alloc = std::allocator<std::pair<const long unsigned int, extInt_t> >]	48	static
stl_tree.h:976:7:std::_Rb_tree<_Key, _Val, _KeyOfValue, _Compare, _Alloc>::iterator std::_Rb_tree<_Key, _Val, _KeyOfValue, _Compare, _Alloc>::begin() [with _Key = long unsigned int; _Val = std::pair<const long unsigned int, extInt_t>; _KeyOfValue = std::_Select1st<std::pair<const long unsigned int, extInt_t> >; _Compare = std::less<long unsigned int>; _Alloc = std::allocator<std::pair<const long unsigned int, extInt_t> >]	24	static
stl_tree.h:984:7:std::_Rb_tree<_Key, _Val, _KeyOfValue, _Compare, _Alloc>::iterator std::_Rb_tree<_Key, _Val, _KeyOfValue, _Compare, _Alloc>::end() [with _Key = long unsigned int; _Val = std::pair<const long unsigned int, extInt_t>; _KeyOfValue = std::_Select1st<std::pair<const long unsigned int, extInt_t> >; _Compare = std::less<long unsigned int>; _Alloc = std::allocator<std::pair<const long unsigned int, extInt_t> >]	24	static
stl_tree.h:234:7:_Val* std::_Rb_tree_node<_Val>::_M_valptr() [with _Val = std::pair<const long unsigned int, extInt_t>]	16	static
basic_string.h:210:7:bool std::__cxx11::basic_string<_CharT, _Traits, _Alloc>::_M_is_local() const [with _CharT = char; _Traits = std::char_traits<char>; _Alloc = std::allocator<char>]	24	static
basic_string.h:225:7:void std::__cxx11::basic_string<_CharT, _Traits, _Alloc>::_M_destroy(std::__cxx11::basic_string<_CharT, _Traits, _Alloc>::size_type) [with _CharT = char; _Traits = std::char_traits<char>; _Alloc = std::allocator<char>]	24	static
ptr_traits.h:141:7:static _Tp* std::pointer_traits<_Tp*>::pointer_to(std::__make_not_void<_Tp>&) [with _Tp = char]	16	static
basic_string.h:232:9:void std::__cxx11::basic_string<_CharT, _Traits, _Alloc>::_M_construct_aux(_InIterator, _InIterator, std::__false_type) [with _InIterator = const char*; _CharT = char; _Traits = std::char_traits<char>; _Alloc = std::allocator<char>]	40	static
basic_string.h:279:7:const allocator_type& std::__cxx11::basic_string<_CharT, _Traits, _Alloc>::_M_get_allocator() const [with _CharT = char; _Traits = std::char_traits<char>; _Alloc = std::allocator<char>]	16	static
basic_string.h:275:7:std::__cxx11::basic_string<_CharT, _Traits, _Alloc>::allocator_type& std::__cxx11::basic_string<_CharT, _Traits, _Alloc>::_M_get_allocator() [with _CharT = char; _Traits = std::char_traits<char>; _Alloc = std::allocator<char>]	16	static
basic_string.h:167:7:void std::__cxx11::basic_string<_CharT, _Traits, _Alloc>::_M_data(std::__cxx11::basic_string<_CharT, _Traits, _Alloc>::pointer) [with _CharT = char; _Traits = std::char_traits<char>; _Alloc = std::allocator<char>]	16	static
basic_string.h:199:7:void std::__cxx11::basic_string<_CharT, _Traits, _Alloc>::_M_capacity(std::__cxx11::basic_string<_CharT, _Traits, _Alloc>::size_type) [with _CharT = char; _Traits = std::char_traits<char>; _Alloc = std::allocator<char>]	16	static
basic_string.h:171:7:void std::__cxx11::basic_string<_CharT, _Traits, _Alloc>::_M_length(std::__cxx11::basic_string<_CharT, _Traits, _Alloc>::size_type) [with _CharT = char; _Traits = std::char_traits<char>; _Alloc = std::allocator<char>]	16	static
basic_string.h:203:7:void std::__cxx11::basic_string<_CharT, _Traits, _Alloc>::_M_set_length(std::__cxx11::basic_string<_CharT, _Traits, _Alloc>::size_type) [with _CharT = char; _Traits = std::char_traits<char>; _Alloc = std::allocator<char>]	24	static
new_allocator.h:79:7:__gnu_cxx::new_allocator<_Tp>::new_allocator() [with _Tp = std::_Rb_tree_node<std::pair<const long unsigned int, std::map<long unsigned int, extInt_t> > >]	16	static
stl_tree.h:787:7:static std::_Rb_tree_node<_Val>* std::_Rb_tree<_Key, _Val, _KeyOfValue, _Compare, _Alloc>::_S_right(std::_Rb_tree<_Key, _Val, _KeyOfValue, _Compare, _Alloc>::_Base_ptr) [with _Key = long unsigned int; _Val = std::pair<const long unsigned int, std::map<long unsigned int, extInt_t> >; _KeyOfValue = std::_Select1st<std::pair<const long unsigned int, std::map<long unsigned int, extInt_t> > >; _Compare = std::less<long unsigned int>; _Alloc = std::allocator<std::pair<const long unsigned int, std::map<long unsigned int, extInt_t> > >]	16	static
stl_tree.h:779:7:static std::_Rb_tree_node<_Val>* std::_Rb_tree<_Key, _Val, _KeyOfValue, _Compare, _Alloc>::_S_left(std::_Rb_tree<_Key, _Val, _KeyOfValue, _Compare, _Alloc>::_Base_ptr) [with _Key = long unsigned int; _Val = std::pair<const long unsigned int, std::map<long unsigned int, extInt_t> >; _KeyOfValue = std::_Select1st<std::pair<const long unsigned int, std::map<long unsigned int, extInt_t> > >; _Compare = std::less<long unsigned int>; _Alloc = std::allocator<std::pair<const long unsigned int, std::map<long unsigned int, extInt_t> > >]	16	static
stl_tree.h:667:7:void std::_Rb_tree<_Key, _Val, _KeyOfValue, _Compare, _Alloc>::_M_drop_node(std::_Rb_tree<_Key, _Val, _KeyOfValue, _Compare, _Alloc>::_Link_type) [with _Key = long unsigned int; _Val = std::pair<const long unsigned int, std::map<long unsigned int, extInt_t> >; _KeyOfValue = std::_Select1st<std::pair<const long unsigned int, std::map<long unsigned int, extInt_t> > >; _Compare = std::less<long unsigned int>; _Alloc = std::allocator<std::pair<const long unsigned int, std::map<long unsigned int, extInt_t> > >]	16	static
stl_tree.h:1202:7:std::_Rb_tree<_Key, _Val, _KeyOfValue, _Compare, _Alloc>::iterator std::_Rb_tree<_Key, _Val, _KeyOfValue, _Compare, _Alloc>::lower_bound(const key_type&) [with _Key = long unsigned int; _Val = std::pair<const long unsigned int, std::map<long unsigned int, extInt_t> >; _KeyOfValue = std::_Select1st<std::pair<const long unsigned int, std::map<long unsigned int, extInt_t> > >; _Compare = std::less<long unsigned int>; _Alloc = std::allocator<std::pair<const long unsigned int, std::map<long unsigned int, extInt_t> > >]	24	static
stl_tree.h:984:7:std::_Rb_tree<_Key, _Val, _KeyOfValue, _Compare, _Alloc>::iterator std::_Rb_tree<_Key, _Val, _KeyOfValue, _Compare, _Alloc>::end() [with _Key = long unsigned int; _Val = std::pair<const long unsigned int, std::map<long unsigned int, extInt_t> >; _KeyOfValue = std::_Select1st<std::pair<const long unsigned int, std::map<long unsigned int, extInt_t> > >; _Compare = std::less<long unsigned int>; _Alloc = std::allocator<std::pair<const long unsigned int, std::map<long unsigned int, extInt_t> > >]	24	static
stl_tree.h:972:7:_Compare std::_Rb_tree<_Key, _Val, _KeyOfValue, _Compare, _Alloc>::key_comp() const [with _Key = long unsigned int; _Val = std::pair<const long unsigned int, std::map<long unsigned int, extInt_t> >; _KeyOfValue = std::_Select1st<std::pair<const long unsigned int, std::map<long unsigned int, extInt_t> > >; _Compare = std::less<long unsigned int>; _Alloc = std::allocator<std::pair<const long unsigned int, std::map<long unsigned int, extInt_t> > >]	16	static
stl_tree.h:234:7:_Val* std::_Rb_tree_node<_Val>::_M_valptr() [with _Val = std::pair<const long unsigned int, std::map<long unsigned int, extInt_t> >]	16	static
stl_tree.h:651:2:) [with _Args = {const std::piecewise_construct_t&, std::tuple<long unsigned int&&>, std::tuple<>}; _Key = long unsigned int; _Val = std::pair<const long unsigned int, std::map<long unsigned int, extInt_t> >; _KeyOfValue = std::_Select1st<std::pair<const long unsigned int, std::map<long unsigned int, extInt_t> > >; _Compare = std::less<long unsigned int>; _Alloc = std::allocator<std::pair<const long unsigned int, std::map<long unsigned int, extInt_t> > >]	48	static
stl_tree.h:2146:5:std::pair<std::_Rb_tree_node_base*, std::_Rb_tree_node_base*> std::_Rb_tree<_Key, _Val, _KeyOfValue, _Compare, _Alloc>::_M_get_insert_hint_unique_pos(std::_Rb_tree<_Key, _Val, _KeyOfValue, _Compare, _Alloc>::const_iterator, const key_type&) [with _Key = long unsigned int; _Val = std::pair<const long unsigned int, std::map<long unsigned int, extInt_t> >; _KeyOfValue = std::_Select1st<std::pair<const long unsigned int, std::map<long unsigned int, extInt_t> > >; _Compare = std::less<long unsigned int>; _Alloc = std::allocator<std::pair<const long unsigned int, std::map<long unsigned int, extInt_t> > >]	64	static
stl_tree.h:775:7:static const _Key& std::_Rb_tree<_Key, _Val, _KeyOfValue, _Compare, _Alloc>::_S_key(std::_Rb_tree<_Key, _Val, _KeyOfValue, _Compare, _Alloc>::_Const_Link_type) [with _Key = long unsigned int; _Val = std::pair<const long unsigned int, std::map<long unsigned int, extInt_t> >; _KeyOfValue = std::_Select1st<std::pair<const long unsigned int, std::map<long unsigned int, extInt_t> > >; _Compare = std::less<long unsigned int>; _Alloc = std::allocator<std::pair<const long unsigned int, std::map<long unsigned int, extInt_t> > >]	24	static
stl_tree.h:2313:5:std::_Rb_tree<_Key, _Val, _KeyOfValue, _Compare, _Alloc>::iterator std::_Rb_tree<_Key, _Val, _KeyOfValue, _Compare, _Alloc>::_M_insert_node(std::_Rb_tree<_Key, _Val, _KeyOfValue, _Compare, _Alloc>::_Base_ptr, std::_Rb_tree<_Key, _Val, _KeyOfValue, _Compare, _Alloc>::_Base_ptr, std::_Rb_tree<_Key, _Val, _KeyOfValue, _Compare, _Alloc>::_Link_type) [with _Key = long unsigned int; _Val = std::pair<const long unsigned int, std::map<long unsigned int, extInt_t> >; _KeyOfValue = std::_Select1st<std::pair<const long unsigned int, std::map<long unsigned int, extInt_t> > >; _Compare = std::less<long unsigned int>; _Alloc = std::allocator<std::pair<const long unsigned int, std::map<long unsigned int, extInt_t> > >]	40	static
stl_tree.h:273:7:std::_Rb_tree_iterator<_Tp>::_Rb_tree_iterator(std::_Rb_tree_iterator<_Tp>::_Base_ptr) [with _Tp = std::pair<const long unsigned int, std::map<long unsigned int, extInt_t> >]	16	static
stl_tree.h:1202:7:std::_Rb_tree<_Key, _Val, _KeyOfValue, _Compare, _Alloc>::iterator std::_Rb_tree<_Key, _Val, _KeyOfValue, _Compare, _Alloc>::lower_bound(const key_type&) [with _Key = long unsigned int; _Val = std::pair<const long unsigned int, extInt_t>; _KeyOfValue = std::_Select1st<std::pair<const long unsigned int, extInt_t> >; _Compare = std::less<long unsigned int>; _Alloc = std::allocator<std::pair<const long unsigned int, extInt_t> >]	24	static
stl_tree.h:972:7:_Compare std::_Rb_tree<_Key, _Val, _KeyOfValue, _Compare, _Alloc>::key_comp() const [with _Key = long unsigned int; _Val = std::pair<const long unsigned int, extInt_t>; _KeyOfValue = std::_Select1st<std::pair<const long unsigned int, extInt_t> >; _Compare = std::less<long unsigned int>; _Alloc = std::allocator<std::pair<const long unsigned int, extInt_t> >]	16	static
stl_tree.h:651:2:) [with _Args = {const std::piecewise_construct_t&, std::tuple<const long unsigned int&>, std::tuple<>}; _Key = long unsigned int; _Val = std::pair<const long unsigned int, extInt_t>; _KeyOfValue = std::_Select1st<std::pair<const long unsigned int, extInt_t> >; _Compare = std::less<long unsigned int>; _Alloc = std::allocator<std::pair<const long unsigned int, extInt_t> >]	48	static
stl_tree.h:2146:5:std::pair<std::_Rb_tree_node_base*, std::_Rb_tree_node_base*> std::_Rb_tree<_Key, _Val, _KeyOfValue, _Compare, _Alloc>::_M_get_insert_hint_unique_pos(std::_Rb_tree<_Key, _Val, _KeyOfValue, _Compare, _Alloc>::const_iterator, const key_type&) [with _Key = long unsigned int; _Val = std::pair<const long unsigned int, extInt_t>; _KeyOfValue = std::_Select1st<std::pair<const long unsigned int, extInt_t> >; _Compare = std::less<long unsigned int>; _Alloc = std::allocator<std::pair<const long unsigned int, extInt_t> >]	64	static
stl_tree.h:775:7:static const _Key& std::_Rb_tree<_Key, _Val, _KeyOfValue, _Compare, _Alloc>::_S_key(std::_Rb_tree<_Key, _Val, _KeyOfValue, _Compare, _Alloc>::_Const_Link_type) [with _Key = long unsigned int; _Val = std::pair<const long unsigned int, extInt_t>; _KeyOfValue = std::_Select1st<std::pair<const long unsigned int, extInt_t> >; _Compare = std::less<long unsigned int>; _Alloc = std::allocator<std::pair<const long unsigned int, extInt_t> >]	24	static
stl_tree.h:2313:5:std::_Rb_tree<_Key, _Val, _KeyOfValue, _Compare, _Alloc>::iterator std::_Rb_tree<_Key, _Val, _KeyOfValue, _Compare, _Alloc>::_M_insert_node(std::_Rb_tree<_Key, _Val, _KeyOfValue, _Compare, _Alloc>::_Base_ptr, std::_Rb_tree<_Key, _Val, _KeyOfValue, _Compare, _Alloc>::_Base_ptr, std::_Rb_tree<_Key, _Val, _KeyOfValue, _Compare, _Alloc>::_Link_type) [with _Key = long unsigned int; _Val = std::pair<const long unsigned int, extInt_t>; _KeyOfValue = std::_Select1st<std::pair<const long unsigned int, extInt_t> >; _Compare = std::less<long unsigned int>; _Alloc = std::allocator<std::pair<const long unsigned int, extInt_t> >]	40	static
stl_tree.h:667:7:void std::_Rb_tree<_Key, _Val, _KeyOfValue, _Compare, _Alloc>::_M_drop_node(std::_Rb_tree<_Key, _Val, _KeyOfValue, _Compare, _Alloc>::_Link_type) [with _Key = long unsigned int; _Val = std::pair<const long unsigned int, extInt_t>; _KeyOfValue = std::_Select1st<std::pair<const long unsigned int, extInt_t> >; _Compare = std::less<long unsigned int>; _Alloc = std::allocator<std::pair<const long unsigned int, extInt_t> >]	16	static
stl_tree.h:273:7:std::_Rb_tree_iterator<_Tp>::_Rb_tree_iterator(std::_Rb_tree_iterator<_Tp>::_Base_ptr) [with _Tp = std::pair<const long unsigned int, extInt_t>]	16	static
aligned_buffer.h:70:7:_Tp* __gnu_cxx::__aligned_membuf<_Tp>::_M_ptr() [with _Tp = std::pair<const long unsigned int, extInt_t>]	16	static
basic_string.h:189:7:std::__cxx11::basic_string<_CharT, _Traits, _Alloc>::const_pointer std::__cxx11::basic_string<_CharT, _Traits, _Alloc>::_M_local_data() const [with _CharT = char; _Traits = std::char_traits<char>; _Alloc = std::allocator<char>]	16	static
alloc_traits.h:461:7:static void std::allocator_traits<std::allocator<_CharT> >::deallocate(std::allocator_traits<std::allocator<_CharT> >::allocator_type&, std::allocator_traits<std::allocator<_CharT> >::pointer, std::allocator_traits<std::allocator<_CharT> >::size_type) [with _Tp = char]	24	static
move.h:138:5:constexpr _Tp* std::addressof(_Tp&) [with _Tp = char]	16	static
stl_iterator_base_types.h:205:5:constexpr typename std::iterator_traits<_Iterator>::iterator_category std::__iterator_category(const _Iter&) [with _Iter = const char*]	16	static
stl_iterator_base_funcs.h:138:5:constexpr typename std::iterator_traits<_Iterator>::difference_type std::distance(_InputIterator, _InputIterator) [with _InputIterator = const char*]	24	static
basic_string.tcc:206:7:void std::__cxx11::basic_string<_CharT, _Traits, _Alloc>::_M_construct(_InIterator, _InIterator, std::forward_iterator_tag) [with _FwdIterator = const char*; _CharT = char; _Traits = std::char_traits<char>; _Alloc = std::allocator<char>]	32	static
basic_string.h:941:7:std::__cxx11::basic_string<_CharT, _Traits, _Alloc>::size_type std::__cxx11::basic_string<_CharT, _Traits, _Alloc>::max_size() const [with _CharT = char; _Traits = std::char_traits<char>; _Alloc = std::allocator<char>]	16	static
basic_string.h:335:7:static void std::__cxx11::basic_string<_CharT, _Traits, _Alloc>::_S_copy(_CharT*, const _CharT*, std::__cxx11::basic_string<_CharT, _Traits, _Alloc>::size_type) [with _CharT = char; _Traits = std::char_traits<char>; _Alloc = std::allocator<char>]	24	static
stl_tree.h:659:7:void std::_Rb_tree<_Key, _Val, _KeyOfValue, _Compare, _Alloc>::_M_destroy_node(std::_Rb_tree<_Key, _Val, _KeyOfValue, _Compare, _Alloc>::_Link_type) [with _Key = long unsigned int; _Val = std::pair<const long unsigned int, std::map<long unsigned int, extInt_t> >; _KeyOfValue = std::_Select1st<std::pair<const long unsigned int, std::map<long unsigned int, extInt_t> > >; _Compare = std::less<long unsigned int>; _Alloc = std::allocator<std::pair<const long unsigned int, std::map<long unsigned int, extInt_t> > >]	24	static
stl_tree.h:602:7:void std::_Rb_tree<_Key, _Val, _KeyOfValue, _Compare, _Alloc>::_M_put_node(std::_Rb_tree<_Key, _Val, _KeyOfValue, _Compare, _Alloc>::_Link_type) [with _Key = long unsigned int; _Val = std::pair<const long unsigned int, std::map<long unsigned int, extInt_t> >; _KeyOfValue = std::_Select1st<std::pair<const long unsigned int, std::map<long unsigned int, extInt_t> > >; _Compare = std::less<long unsigned int>; _Alloc = std::allocator<std::pair<const long unsigned int, std::map<long unsigned int, extInt_t> > >]	16	static
stl_tree.h:763:7:std::_Rb_tree_node_base* std::_Rb_tree<_Key, _Val, _KeyOfValue, _Compare, _Alloc>::_M_end() [with _Key = long unsigned int; _Val = std::pair<const long unsigned int, std::map<long unsigned int, extInt_t> >; _KeyOfValue = std::_Select1st<std::pair<const long unsigned int, std::map<long unsigned int, extInt_t> > >; _Compare = std::less<long unsigned int>; _Alloc = std::allocator<std::pair<const long unsigned int, std::map<long unsigned int, extInt_t> > >]	16	static
stl_tree.h:1883:5:std::_Rb_tree<_Key, _Val, _KeyOfValue, _Compare, _Alloc>::iterator std::_Rb_tree<_Key, _Val, _KeyOfValue, _Compare, _Alloc>::_M_lower_bound(std::_Rb_tree<_Key, _Val, _KeyOfValue, _Compare, _Alloc>::_Link_type, std::_Rb_tree<_Key, _Val, _KeyOfValue, _Compare, _Alloc>::_Base_ptr, const _Key&) [with _Key = long unsigned int; _Val = std::pair<const long unsigned int, std::map<long unsigned int, extInt_t> >; _KeyOfValue = std::_Select1st<std::pair<const long unsigned int, std::map<long unsigned int, extInt_t> > >; _Compare = std::less<long unsigned int>; _Alloc = std::allocator<std::pair<const long unsigned int, std::map<long unsigned int, extInt_t> > >]	40	static
aligned_buffer.h:70:7:_Tp* __gnu_cxx::__aligned_membuf<_Tp>::_M_ptr() [with _Tp = std::pair<const long unsigned int, std::map<long unsigned int, extInt_t> >]	16	static
stl_tree.h:598:7:std::_Rb_tree_node<_Val>* std::_Rb_tree<_Key, _Val, _KeyOfValue, _Compare, _Alloc>::_M_get_node() [with _Key = long unsigned int; _Val = std::pair<const long unsigned int, std::map<long unsigned int, extInt_t> >; _KeyOfValue = std::_Select1st<std::pair<const long unsigned int, std::map<long unsigned int, extInt_t> > >; _Compare = std::less<long unsigned int>; _Alloc = std::allocator<std::pair<const long unsigned int, std::map<long unsigned int, extInt_t> > >]	16	static
stl_tree.h:632:2:) [with _Args = {const std::piecewise_construct_t&, std::tuple<long unsigned int&&>, std::tuple<>}; _Key = long unsigned int; _Val = std::pair<const long unsigned int, std::map<long unsigned int, extInt_t> >; _KeyOfValue = std::_Select1st<std::pair<const long unsigned int, std::map<long unsigned int, extInt_t> > >; _Compare = std::less<long unsigned int>; _Alloc = std::allocator<std::pair<const long unsigned int, std::map<long unsigned int, extInt_t> > >]	48	static
stl_tree.h:352:7:std::_Rb_tree_const_iterator<_Tp>::iterator std::_Rb_tree_const_iterator<_Tp>::_M_const_cast() const [with _Tp = std::pair<const long unsigned int, std::map<long unsigned int, extInt_t> >]	24	static
stl_tree.h:1012:7:std::_Rb_tree<_Key, _Val, _KeyOfValue, _Compare, _Alloc>::size_type std::_Rb_tree<_Key, _Val, _KeyOfValue, _Compare, _Alloc>::size() const [with _Key = long unsigned int; _Val = std::pair<const long unsigned int, std::map<long unsigned int, extInt_t> >; _KeyOfValue = std::_Select1st<std::pair<const long unsigned int, std::map<long unsigned int, extInt_t> > >; _Compare = std::less<long unsigned int>; _Alloc = std::allocator<std::pair<const long unsigned int, std::map<long unsigned int, extInt_t> > >]	16	static
stl_tree.h:744:7:std::_Rb_tree_node_base*& std::_Rb_tree<_Key, _Val, _KeyOfValue, _Compare, _Alloc>::_M_rightmost() [with _Key = long unsigned int; _Val = std::pair<const long unsigned int, std::map<long unsigned int, extInt_t> >; _KeyOfValue = std::_Select1st<std::pair<const long unsigned int, std::map<long unsigned int, extInt_t> > >; _Compare = std::less<long unsigned int>; _Alloc = std::allocator<std::pair<const long unsigned int, std::map<long unsigned int, extInt_t> > >]	16	static
stl_tree.h:799:7:static const _Key& std::_Rb_tree<_Key, _Val, _KeyOfValue, _Compare, _Alloc>::_S_key(std::_Rb_tree<_Key, _Val, _KeyOfValue, _Compare, _Alloc>::_Const_Base_ptr) [with _Key = long unsigned int; _Val = std::pair<const long unsigned int, std::map<long unsigned int, extInt_t> >; _KeyOfValue = std::_Select1st<std::pair<const long unsigned int, std::map<long unsigned int, extInt_t> > >; _Compare = std::less<long unsigned int>; _Alloc = std::allocator<std::pair<const long unsigned int, std::map<long unsigned int, extInt_t> > >]	24	static
stl_pair.h:325:18:constexpr std::pair<_T1, _T2>::pair(const _T1&, _U2&&) [with _U2 = std::_Rb_tree_node_base*&; typename std::enable_if<std::_PCC<true, _T1, _T2>::_CopyMovePair<true, _T1, _U2>(), bool>::type <anonymous> = 1; _T1 = std::_Rb_tree_node_base*; _T2 = std::_Rb_tree_node_base*]	24	static
stl_tree.h:2044:5:std::pair<std::_Rb_tree_node_base*, std::_Rb_tree_node_base*> std::_Rb_tree<_Key, _Val, _KeyOfValue, _Compare, _Alloc>::_M_get_insert_unique_pos(const key_type&) [with _Key = long unsigned int; _Val = std::pair<const long unsigned int, std::map<long unsigned int, extInt_t> >; _KeyOfValue = std::_Select1st<std::pair<const long unsigned int, std::map<long unsigned int, extInt_t> > >; _Compare = std::less<long unsigned int>; _Alloc = std::allocator<std::pair<const long unsigned int, std::map<long unsigned int, extInt_t> > >]	56	static
stl_tree.h:736:7:std::_Rb_tree_node_base*& std::_Rb_tree<_Key, _Val, _KeyOfValue, _Compare, _Alloc>::_M_leftmost() [with _Key = long unsigned int; _Val = std::pair<const long unsigned int, std::map<long unsigned int, extInt_t> >; _KeyOfValue = std::_Select1st<std::pair<const long unsigned int, std::map<long unsigned int, extInt_t> > >; _Compare = std::less<long unsigned int>; _Alloc = std::allocator<std::pair<const long unsigned int, std::map<long unsigned int, extInt_t> > >]	16	static
stl_pair.h:341:12:constexpr std::pair<_T1, _T2>::pair(_U1&&, _U2&&) [with _U1 = std::_Rb_tree_node_base*&; _U2 = std::_Rb_tree_node_base*&; typename std::enable_if<(std::_PCC<true, _T1, _T2>::_MoveConstructiblePair<_U1, _U2>() && std::_PCC<true, _T1, _T2>::_ImplicitlyMoveConvertiblePair<_U1, _U2>()), bool>::type <anonymous> = 1; _T1 = std::_Rb_tree_node_base*; _T2 = std::_Rb_tree_node_base*]	24	static
stl_tree.h:300:7:std::_Rb_tree_iterator<_Tp>::_Self& std::_Rb_tree_iterator<_Tp>::operator--() [with _Tp = std::pair<const long unsigned int, std::map<long unsigned int, extInt_t> >]	16	static
stl_tree.h:285:7:std::_Rb_tree_iterator<_Tp>::_Self& std::_Rb_tree_iterator<_Tp>::operator++() [with _Tp = std::pair<const long unsigned int, std::map<long unsigned int, extInt_t> >]	16	static
stl_pair.h:311:18:constexpr std::pair<_T1, _T2>::pair(_U1&&, const _T2&) [with _U1 = std::_Rb_tree_node_base*&; typename std::enable_if<std::_PCC<true, _T1, _T2>::_MoveCopyPair<true, _U1, _T2>(), bool>::type <anonymous> = 1; _T1 = std::_Rb_tree_node_base*; _T2 = std::_Rb_tree_node_base*]	24	static
stl_tree.h:771:7:static const value_type& std::_Rb_tree<_Key, _Val, _KeyOfValue, _Compare, _Alloc>::_S_value(std::_Rb_tree<_Key, _Val, _KeyOfValue, _Compare, _Alloc>::_Const_Link_type) [with _Key = long unsigned int; _Val = std::pair<const long unsigned int, std::map<long unsigned int, extInt_t> >; _KeyOfValue = std::_Select1st<std::pair<const long unsigned int, std::map<long unsigned int, extInt_t> > >; _Compare = std::less<long unsigned int>; _Alloc = std::allocator<std::pair<const long unsigned int, std::map<long unsigned int, extInt_t> > >]	16	static
stl_function.h:1131:7:const typename _Pair::first_type& std::_Select1st<_Pair>::operator()(const _Pair&) const [with _Pair = std::pair<const long unsigned int, std::map<long unsigned int, extInt_t> >]	16	static
stl_tree.h:752:7:std::_Rb_tree_node<_Val>* std::_Rb_tree<_Key, _Val, _KeyOfValue, _Compare, _Alloc>::_M_begin() [with _Key = long unsigned int; _Val = std::pair<const long unsigned int, extInt_t>; _KeyOfValue = std::_Select1st<std::pair<const long unsigned int, extInt_t> >; _Compare = std::less<long unsigned int>; _Alloc = std::allocator<std::pair<const long unsigned int, extInt_t> >]	16	static
stl_tree.h:763:7:std::_Rb_tree_node_base* std::_Rb_tree<_Key, _Val, _KeyOfValue, _Compare, _Alloc>::_M_end() [with _Key = long unsigned int; _Val = std::pair<const long unsigned int, extInt_t>; _KeyOfValue = std::_Select1st<std::pair<const long unsigned int, extInt_t> >; _Compare = std::less<long unsigned int>; _Alloc = std::allocator<std::pair<const long unsigned int, extInt_t> >]	16	static
stl_tree.h:1883:5:std::_Rb_tree<_Key, _Val, _KeyOfValue, _Compare, _Alloc>::iterator std::_Rb_tree<_Key, _Val, _KeyOfValue, _Compare, _Alloc>::_M_lower_bound(std::_Rb_tree<_Key, _Val, _KeyOfValue, _Compare, _Alloc>::_Link_type, std::_Rb_tree<_Key, _Val, _KeyOfValue, _Compare, _Alloc>::_Base_ptr, const _Key&) [with _Key = long unsigned int; _Val = std::pair<const long unsigned int, extInt_t>; _KeyOfValue = std::_Select1st<std::pair<const long unsigned int, extInt_t> >; _Compare = std::less<long unsigned int>; _Alloc = std::allocator<std::pair<const long unsigned int, extInt_t> >]	40	static
stl_tree.h:598:7:std::_Rb_tree_node<_Val>* std::_Rb_tree<_Key, _Val, _KeyOfValue, _Compare, _Alloc>::_M_get_node() [with _Key = long unsigned int; _Val = std::pair<const long unsigned int, extInt_t>; _KeyOfValue = std::_Select1st<std::pair<const long unsigned int, extInt_t> >; _Compare = std::less<long unsigned int>; _Alloc = std::allocator<std::pair<const long unsigned int, extInt_t> >]	16	static
stl_tree.h:632:2:) [with _Args = {const std::piecewise_construct_t&, std::tuple<const long unsigned int&>, std::tuple<>}; _Key = long unsigned int; _Val = std::pair<const long unsigned int, extInt_t>; _KeyOfValue = std::_Select1st<std::pair<const long unsigned int, extInt_t> >; _Compare = std::less<long unsigned int>; _Alloc = std::allocator<std::pair<const long unsigned int, extInt_t> >]	48	static
stl_tree.h:352:7:std::_Rb_tree_const_iterator<_Tp>::iterator std::_Rb_tree_const_iterator<_Tp>::_M_const_cast() const [with _Tp = std::pair<const long unsigned int, extInt_t>]	24	static
stl_tree.h:1012:7:std::_Rb_tree<_Key, _Val, _KeyOfValue, _Compare, _Alloc>::size_type std::_Rb_tree<_Key, _Val, _KeyOfValue, _Compare, _Alloc>::size() const [with _Key = long unsigned int; _Val = std::pair<const long unsigned int, extInt_t>; _KeyOfValue = std::_Select1st<std::pair<const long unsigned int, extInt_t> >; _Compare = std::less<long unsigned int>; _Alloc = std::allocator<std::pair<const long unsigned int, extInt_t> >]	16	static
stl_tree.h:744:7:std::_Rb_tree_node_base*& std::_Rb_tree<_Key, _Val, _KeyOfValue, _Compare, _Alloc>::_M_rightmost() [with _Key = long unsigned int; _Val = std::pair<const long unsigned int, extInt_t>; _KeyOfValue = std::_Select1st<std::pair<const long unsigned int, extInt_t> >; _Compare = std::less<long unsigned int>; _Alloc = std::allocator<std::pair<const long unsigned int, extInt_t> >]	16	static
stl_tree.h:799:7:static const _Key& std::_Rb_tree<_Key, _Val, _KeyOfValue, _Compare, _Alloc>::_S_key(std::_Rb_tree<_Key, _Val, _KeyOfValue, _Compare, _Alloc>::_Const_Base_ptr) [with _Key = long unsigned int; _Val = std::pair<const long unsigned int, extInt_t>; _KeyOfValue = std::_Select1st<std::pair<const long unsigned int, extInt_t> >; _Compare = std::less<long unsigned int>; _Alloc = std::allocator<std::pair<const long unsigned int, extInt_t> >]	24	static
stl_tree.h:2044:5:std::pair<std::_Rb_tree_node_base*, std::_Rb_tree_node_base*> std::_Rb_tree<_Key, _Val, _KeyOfValue, _Compare, _Alloc>::_M_get_insert_unique_pos(const key_type&) [with _Key = long unsigned int; _Val = std::pair<const long unsigned int, extInt_t>; _KeyOfValue = std::_Select1st<std::pair<const long unsigned int, extInt_t> >; _Compare = std::less<long unsigned int>; _Alloc = std::allocator<std::pair<const long unsigned int, extInt_t> >]	56	static
stl_tree.h:736:7:std::_Rb_tree_node_base*& std::_Rb_tree<_Key, _Val, _KeyOfValue, _Compare, _Alloc>::_M_leftmost() [with _Key = long unsigned int; _Val = std::pair<const long unsigned int, extInt_t>; _KeyOfValue = std::_Select1st<std::pair<const long unsigned int, extInt_t> >; _Compare = std::less<long unsigned int>; _Alloc = std::allocator<std::pair<const long unsigned int, extInt_t> >]	16	static
stl_tree.h:300:7:std::_Rb_tree_iterator<_Tp>::_Self& std::_Rb_tree_iterator<_Tp>::operator--() [with _Tp = std::pair<const long unsigned int, extInt_t>]	16	static
stl_tree.h:787:7:static std::_Rb_tree_node<_Val>* std::_Rb_tree<_Key, _Val, _KeyOfValue, _Compare, _Alloc>::_S_right(std::_Rb_tree<_Key, _Val, _KeyOfValue, _Compare, _Alloc>::_Base_ptr) [with _Key = long unsigned int; _Val = std::pair<const long unsigned int, extInt_t>; _KeyOfValue = std::_Select1st<std::pair<const long unsigned int, extInt_t> >; _Compare = std::less<long unsigned int>; _Alloc = std::allocator<std::pair<const long unsigned int, extInt_t> >]	16	static
stl_tree.h:771:7:static const value_type& std::_Rb_tree<_Key, _Val, _KeyOfValue, _Compare, _Alloc>::_S_value(std::_Rb_tree<_Key, _Val, _KeyOfValue, _Compare, _Alloc>::_Const_Link_type) [with _Key = long unsigned int; _Val = std::pair<const long unsigned int, extInt_t>; _KeyOfValue = std::_Select1st<std::pair<const long unsigned int, extInt_t> >; _Compare = std::less<long unsigned int>; _Alloc = std::allocator<std::pair<const long unsigned int, extInt_t> >]	16	static
stl_function.h:1131:7:const typename _Pair::first_type& std::_Select1st<_Pair>::operator()(const _Pair&) const [with _Pair = std::pair<const long unsigned int, extInt_t>]	16	static
stl_tree.h:659:7:void std::_Rb_tree<_Key, _Val, _KeyOfValue, _Compare, _Alloc>::_M_destroy_node(std::_Rb_tree<_Key, _Val, _KeyOfValue, _Compare, _Alloc>::_Link_type) [with _Key = long unsigned int; _Val = std::pair<const long unsigned int, extInt_t>; _KeyOfValue = std::_Select1st<std::pair<const long unsigned int, extInt_t> >; _Compare = std::less<long unsigned int>; _Alloc = std::allocator<std::pair<const long unsigned int, extInt_t> >]	24	static
stl_tree.h:602:7:void std::_Rb_tree<_Key, _Val, _KeyOfValue, _Compare, _Alloc>::_M_put_node(std::_Rb_tree<_Key, _Val, _KeyOfValue, _Compare, _Alloc>::_Link_type) [with _Key = long unsigned int; _Val = std::pair<const long unsigned int, extInt_t>; _KeyOfValue = std::_Select1st<std::pair<const long unsigned int, extInt_t> >; _Compare = std::less<long unsigned int>; _Alloc = std::allocator<std::pair<const long unsigned int, extInt_t> >]	16	static
aligned_buffer.h:62:7:void* __gnu_cxx::__aligned_membuf<_Tp>::_M_addr() [with _Tp = std::pair<const long unsigned int, extInt_t>]	16	static
ptr_traits.h:141:7:static _Tp* std::pointer_traits<_Tp*>::pointer_to(std::__make_not_void<_Tp>&) [with _Tp = const char]	16	static
new_allocator.h:116:7:void __gnu_cxx::new_allocator<_Tp>::deallocate(__gnu_cxx::new_allocator<_Tp>::pointer, __gnu_cxx::new_allocator<_Tp>::size_type) [with _Tp = char]	24	static
move.h:47:5:constexpr _Tp* std::__addressof(_Tp&) [with _Tp = char]	16	static
type_traits.h:152:5:bool __gnu_cxx::__is_null_pointer(_Type*) [with _Type = const char]	16	static
stl_iterator_base_funcs.h:98:5:constexpr typename std::iterator_traits<_Iterator>::difference_type std::__distance(_RandomAccessIterator, _RandomAccessIterator, std::random_access_iterator_tag) [with _RandomAccessIterator = const char*]	24	static
basic_string.tcc:132:5:std::__cxx11::basic_string<_CharT, _Traits, _Alloc>::pointer std::__cxx11::basic_string<_CharT, _Traits, _Alloc>::_M_create(std::__cxx11::basic_string<_CharT, _Traits, _Alloc>::size_type&, std::__cxx11::basic_string<_CharT, _Traits, _Alloc>::size_type) [with _CharT = char; _Traits = std::char_traits<char>; _Alloc = std::allocator<char>]	32	static
basic_string.h:385:7:static void std::__cxx11::basic_string<_CharT, _Traits, _Alloc>::_S_copy_chars(_CharT*, const _CharT*, const _CharT*) [with _CharT = char; _Traits = std::char_traits<char>; _Alloc = std::allocator<char>]	24	static
alloc_traits.h:495:7:static std::allocator_traits<std::allocator<_CharT> >::size_type std::allocator_traits<std::allocator<_CharT> >::max_size(const allocator_type&) [with _Tp = char]	16	static
stl_tree.h:585:7:std::_Rb_tree<_Key, _Val, _KeyOfValue, _Compare, _Alloc>::_Node_allocator& std::_Rb_tree<_Key, _Val, _KeyOfValue, _Compare, _Alloc>::_M_get_Node_allocator() [with _Key = long unsigned int; _Val = std::pair<const long unsigned int, std::map<long unsigned int, extInt_t> >; _KeyOfValue = std::_Select1st<std::pair<const long unsigned int, std::map<long unsigned int, extInt_t> > >; _Compare = std::less<long unsigned int>; _Alloc = std::allocator<std::pair<const long unsigned int, std::map<long unsigned int, extInt_t> > >]	16	static
alloc_traits.h:486:2:static void std::allocator_traits<std::allocator<_CharT> >::destroy(std::allocator_traits<std::allocator<_CharT> >::allocator_type&, _Up*) [with _Up = std::pair<const long unsigned int, std::map<long unsigned int, extInt_t> >; _Tp = std::_Rb_tree_node<std::pair<const long unsigned int, std::map<long unsigned int, extInt_t> > >]	16	static
alloc_traits.h:461:7:static void std::allocator_traits<std::allocator<_CharT> >::deallocate(std::allocator_traits<std::allocator<_CharT> >::allocator_type&, std::allocator_traits<std::allocator<_CharT> >::pointer, std::allocator_traits<std::allocator<_CharT> >::size_type) [with _Tp = std::_Rb_tree_node<std::pair<const long unsigned int, std::map<long unsigned int, extInt_t> > >]	24	static
aligned_buffer.h:62:7:void* __gnu_cxx::__aligned_membuf<_Tp>::_M_addr() [with _Tp = std::pair<const long unsigned int, std::map<long unsigned int, extInt_t> >]	16	static
alloc_traits.h:435:7:static _Tp* std::allocator_traits<std::allocator<_CharT> >::allocate(std::allocator_traits<std::allocator<_CharT> >::allocator_type&, std::allocator_traits<std::allocator<_CharT> >::size_type) [with _Tp = std::_Rb_tree_node<std::pair<const long unsigned int, std::map<long unsigned int, extInt_t> > >]	16	static
alloc_traits.h:474:2:) [with _Up = std::pair<const long unsigned int, std::map<long unsigned int, extInt_t> >; _Args = {const std::piecewise_construct_t&, std::tuple<long unsigned int&&>, std::tuple<>}; _Tp = std::_Rb_tree_node<std::pair<const long unsigned int, std::map<long unsigned int, extInt_t> > >]	40	static
stl_tree.h:795:7:static const value_type& std::_Rb_tree<_Key, _Val, _KeyOfValue, _Compare, _Alloc>::_S_value(std::_Rb_tree<_Key, _Val, _KeyOfValue, _Compare, _Alloc>::_Const_Base_ptr) [with _Key = long unsigned int; _Val = std::pair<const long unsigned int, std::map<long unsigned int, extInt_t> >; _KeyOfValue = std::_Select1st<std::pair<const long unsigned int, std::map<long unsigned int, extInt_t> > >; _Compare = std::less<long unsigned int>; _Alloc = std::allocator<std::pair<const long unsigned int, std::map<long unsigned int, extInt_t> > >]	16	static
move.h:74:5:constexpr _Tp&& std::forward(typename std::remove_reference<_Tp>::type&) [with _Tp = std::_Rb_tree_node_base*&]	16	static
stl_tree.h:976:7:std::_Rb_tree<_Key, _Val, _KeyOfValue, _Compare, _Alloc>::iterator std::_Rb_tree<_Key, _Val, _KeyOfValue, _Compare, _Alloc>::begin() [with _Key = long unsigned int; _Val = std::pair<const long unsigned int, std::map<long unsigned int, extInt_t> >; _KeyOfValue = std::_Select1st<std::pair<const long unsigned int, std::map<long unsigned int, extInt_t> > >; _Compare = std::less<long unsigned int>; _Alloc = std::allocator<std::pair<const long unsigned int, std::map<long unsigned int, extInt_t> > >]	24	static
stl_pair.h:341:12:constexpr std::pair<_T1, _T2>::pair(_U1&&, _U2&&) [with _U1 = std::_Rb_tree_node<std::pair<const long unsigned int, std::map<long unsigned int, extInt_t> > >*&; _U2 = std::_Rb_tree_node_base*&; typename std::enable_if<(std::_PCC<true, _T1, _T2>::_MoveConstructiblePair<_U1, _U2>() && std::_PCC<true, _T1, _T2>::_ImplicitlyMoveConvertiblePair<_U1, _U2>()), bool>::type <anonymous> = 1; _T1 = std::_Rb_tree_node_base*; _T2 = std::_Rb_tree_node_base*]	24	static
stl_tree.h:238:7:const _Val* std::_Rb_tree_node<_Val>::_M_valptr() const [with _Val = std::pair<const long unsigned int, std::map<long unsigned int, extInt_t> >]	16	static
stl_tree.h:779:7:static std::_Rb_tree_node<_Val>* std::_Rb_tree<_Key, _Val, _KeyOfValue, _Compare, _Alloc>::_S_left(std::_Rb_tree<_Key, _Val, _KeyOfValue, _Compare, _Alloc>::_Base_ptr) [with _Key = long unsigned int; _Val = std::pair<const long unsigned int, extInt_t>; _KeyOfValue = std::_Select1st<std::pair<const long unsigned int, extInt_t> >; _Compare = std::less<long unsigned int>; _Alloc = std::allocator<std::pair<const long unsigned int, extInt_t> >]	16	static
stl_tree.h:585:7:std::_Rb_tree<_Key, _Val, _KeyOfValue, _Compare, _Alloc>::_Node_allocator& std::_Rb_tree<_Key, _Val, _KeyOfValue, _Compare, _Alloc>::_M_get_Node_allocator() [with _Key = long unsigned int; _Val = std::pair<const long unsigned int, extInt_t>; _KeyOfValue = std::_Select1st<std::pair<const long unsigned int, extInt_t> >; _Compare = std::less<long unsigned int>; _Alloc = std::allocator<std::pair<const long unsigned int, extInt_t> >]	16	static
alloc_traits.h:435:7:static _Tp* std::allocator_traits<std::allocator<_CharT> >::allocate(std::allocator_traits<std::allocator<_CharT> >::allocator_type&, std::allocator_traits<std::allocator<_CharT> >::size_type) [with _Tp = std::_Rb_tree_node<std::pair<const long unsigned int, extInt_t> >]	16	static
alloc_traits.h:474:2:) [with _Up = std::pair<const long unsigned int, extInt_t>; _Args = {const std::piecewise_construct_t&, std::tuple<const long unsigned int&>, std::tuple<>}; _Tp = std::_Rb_tree_node<std::pair<const long unsigned int, extInt_t> >]	40	static
stl_tree.h:795:7:static const value_type& std::_Rb_tree<_Key, _Val, _KeyOfValue, _Compare, _Alloc>::_S_value(std::_Rb_tree<_Key, _Val, _KeyOfValue, _Compare, _Alloc>::_Const_Base_ptr) [with _Key = long unsigned int; _Val = std::pair<const long unsigned int, extInt_t>; _KeyOfValue = std::_Select1st<std::pair<const long unsigned int, extInt_t> >; _Compare = std::less<long unsigned int>; _Alloc = std::allocator<std::pair<const long unsigned int, extInt_t> >]	16	static
stl_pair.h:341:12:constexpr std::pair<_T1, _T2>::pair(_U1&&, _U2&&) [with _U1 = std::_Rb_tree_node<std::pair<const long unsigned int, extInt_t> >*&; _U2 = std::_Rb_tree_node_base*&; typename std::enable_if<(std::_PCC<true, _T1, _T2>::_MoveConstructiblePair<_U1, _U2>() && std::_PCC<true, _T1, _T2>::_ImplicitlyMoveConvertiblePair<_U1, _U2>()), bool>::type <anonymous> = 1; _T1 = std::_Rb_tree_node_base*; _T2 = std::_Rb_tree_node_base*]	24	static
stl_tree.h:238:7:const _Val* std::_Rb_tree_node<_Val>::_M_valptr() const [with _Val = std::pair<const long unsigned int, extInt_t>]	16	static
alloc_traits.h:486:2:static void std::allocator_traits<std::allocator<_CharT> >::destroy(std::allocator_traits<std::allocator<_CharT> >::allocator_type&, _Up*) [with _Up = std::pair<const long unsigned int, extInt_t>; _Tp = std::_Rb_tree_node<std::pair<const long unsigned int, extInt_t> >]	16	static
alloc_traits.h:461:7:static void std::allocator_traits<std::allocator<_CharT> >::deallocate(std::allocator_traits<std::allocator<_CharT> >::allocator_type&, std::allocator_traits<std::allocator<_CharT> >::pointer, std::allocator_traits<std::allocator<_CharT> >::size_type) [with _Tp = std::_Rb_tree_node<std::pair<const long unsigned int, extInt_t> >]	24	static
move.h:138:5:constexpr _Tp* std::addressof(_Tp&) [with _Tp = const char]	16	static
alloc_traits.h:435:7:static _Tp* std::allocator_traits<std::allocator<_CharT> >::allocate(std::allocator_traits<std::allocator<_CharT> >::allocator_type&, std::allocator_traits<std::allocator<_CharT> >::size_type) [with _Tp = char]	16	static
new_allocator.h:129:7:__gnu_cxx::new_allocator<_Tp>::size_type __gnu_cxx::new_allocator<_Tp>::max_size() const [with _Tp = char]	16	static
stl_map.h:300:7:std::map<_Key, _Tp, _Compare, _Alloc>::~map() [with _Key = long unsigned int; _Tp = extInt_t; _Compare = std::less<long unsigned int>; _Alloc = std::allocator<std::pair<const long unsigned int, extInt_t> >]	16	static
stl_pair.h:208:12:std::pair<const long unsigned int, std::map<long unsigned int, extInt_t> >::~pair()	16	static
new_allocator.h:140:2:void __gnu_cxx::new_allocator<_Tp>::destroy(_Up*) [with _Up = std::pair<const long unsigned int, std::map<long unsigned int, extInt_t> >; _Tp = std::_Rb_tree_node<std::pair<const long unsigned int, std::map<long unsigned int, extInt_t> > >]	16	static
new_allocator.h:116:7:void __gnu_cxx::new_allocator<_Tp>::deallocate(__gnu_cxx::new_allocator<_Tp>::pointer, __gnu_cxx::new_allocator<_Tp>::size_type) [with _Tp = std::_Rb_tree_node<std::pair<const long unsigned int, std::map<long unsigned int, extInt_t> > >]	24	static
new_allocator.h:99:7:_Tp* __gnu_cxx::new_allocator<_Tp>::allocate(__gnu_cxx::new_allocator<_Tp>::size_type, const void*) [with _Tp = std::_Rb_tree_node<std::pair<const long unsigned int, std::map<long unsigned int, extInt_t> > >]	24	static
tuple:662:17:constexpr std::tuple<_Elements>::tuple(std::tuple<_Elements>&&) [with _Elements = {long unsigned int&&}]	16	static
new_allocator.h:135:2:) [with _Up = std::pair<const long unsigned int, std::map<long unsigned int, extInt_t> >; _Args = {const std::piecewise_construct_t&, std::tuple<long unsigned int&&>, std::tuple<>}; _Tp = std::_Rb_tree_node<std::pair<const long unsigned int, std::map<long unsigned int, extInt_t> > >]	56	static
move.h:74:5:constexpr _Tp&& std::forward(typename std::remove_reference<_Tp>::type&) [with _Tp = std::_Rb_tree_node<std::pair<const long unsigned int, std::map<long unsigned int, extInt_t> > >*&]	16	static
aligned_buffer.h:74:7:const _Tp* __gnu_cxx::__aligned_membuf<_Tp>::_M_ptr() const [with _Tp = std::pair<const long unsigned int, std::map<long unsigned int, extInt_t> >]	16	static
new_allocator.h:99:7:_Tp* __gnu_cxx::new_allocator<_Tp>::allocate(__gnu_cxx::new_allocator<_Tp>::size_type, const void*) [with _Tp = std::_Rb_tree_node<std::pair<const long unsigned int, extInt_t> >]	24	static
tuple:662:17:constexpr std::tuple<_Elements>::tuple(std::tuple<_Elements>&&) [with _Elements = {const long unsigned int&}]	16	static
new_allocator.h:135:2:) [with _Up = std::pair<const long unsigned int, extInt_t>; _Args = {const std::piecewise_construct_t&, std::tuple<const long unsigned int&>, std::tuple<>}; _Tp = std::_Rb_tree_node<std::pair<const long unsigned int, extInt_t> >]	56	static
move.h:74:5:constexpr _Tp&& std::forward(typename std::remove_reference<_Tp>::type&) [with _Tp = std::_Rb_tree_node<std::pair<const long unsigned int, extInt_t> >*&]	16	static
aligned_buffer.h:74:7:const _Tp* __gnu_cxx::__aligned_membuf<_Tp>::_M_ptr() const [with _Tp = std::pair<const long unsigned int, extInt_t>]	16	static
new_allocator.h:140:2:void __gnu_cxx::new_allocator<_Tp>::destroy(_Up*) [with _Up = std::pair<const long unsigned int, extInt_t>; _Tp = std::_Rb_tree_node<std::pair<const long unsigned int, extInt_t> >]	16	static
new_allocator.h:116:7:void __gnu_cxx::new_allocator<_Tp>::deallocate(__gnu_cxx::new_allocator<_Tp>::pointer, __gnu_cxx::new_allocator<_Tp>::size_type) [with _Tp = std::_Rb_tree_node<std::pair<const long unsigned int, extInt_t> >]	24	static
move.h:47:5:constexpr _Tp* std::__addressof(_Tp&) [with _Tp = const char]	16	static
new_allocator.h:99:7:_Tp* __gnu_cxx::new_allocator<_Tp>::allocate(__gnu_cxx::new_allocator<_Tp>::size_type, const void*) [with _Tp = char]	24	static
stl_tree.h:692:9:std::_Rb_tree<long unsigned int, std::pair<const long unsigned int, extInt_t>, std::_Select1st<std::pair<const long unsigned int, extInt_t> >, std::less<long unsigned int>, std::allocator<std::pair<const long unsigned int, extInt_t> > >::_Rb_tree_impl<std::less<long unsigned int>, true>::~_Rb_tree_impl()	16	static
stl_tree.h:964:7:std::_Rb_tree<_Key, _Val, _KeyOfValue, _Compare, _Alloc>::~_Rb_tree() [with _Key = long unsigned int; _Val = std::pair<const long unsigned int, extInt_t>; _KeyOfValue = std::_Select1st<std::pair<const long unsigned int, extInt_t> >; _Compare = std::less<long unsigned int>; _Alloc = std::allocator<std::pair<const long unsigned int, extInt_t> >]	16	static
new_allocator.h:129:7:__gnu_cxx::new_allocator<_Tp>::size_type __gnu_cxx::new_allocator<_Tp>::max_size() const [with _Tp = std::_Rb_tree_node<std::pair<const long unsigned int, std::map<long unsigned int, extInt_t> > >]	16	static
tuple:351:7:static constexpr _Head& std::_Tuple_impl<_Idx, _Head>::_M_head(std::_Tuple_impl<_Idx, _Head>&) [with unsigned int _Idx = 0; _Head = long unsigned int&&]	16	static
tuple:160:7:static constexpr _Head& std::_Head_base<_Idx, _Head, false>::_M_head(std::_Head_base<_Idx, _Head, false>&) [with unsigned int _Idx = 0; _Head = long unsigned int&&]	16	static
move.h:74:5:constexpr _Tp&& std::forward(typename std::remove_reference<_Tp>::type&) [with _Tp = long unsigned int&&]	16	static
tuple:371:7:constexpr std::_Tuple_impl<_Idx, _Head>::_Tuple_impl(std::_Tuple_impl<_Idx, _Head>&&) [with unsigned int _Idx = 0; _Head = long unsigned int&&]	24	static
tuple:1652:7:>) [with _Args1 = {long unsigned int&&}; _Args2 = {}; _T1 = const long unsigned int; _T2 = std::map<long unsigned int, extInt_t>]	40	static
aligned_buffer.h:66:7:const void* __gnu_cxx::__aligned_membuf<_Tp>::_M_addr() const [with _Tp = std::pair<const long unsigned int, std::map<long unsigned int, extInt_t> >]	16	static
new_allocator.h:129:7:__gnu_cxx::new_allocator<_Tp>::size_type __gnu_cxx::new_allocator<_Tp>::max_size() const [with _Tp = std::_Rb_tree_node<std::pair<const long unsigned int, extInt_t> >]	16	static
tuple:351:7:static constexpr _Head& std::_Tuple_impl<_Idx, _Head>::_M_head(std::_Tuple_impl<_Idx, _Head>&) [with unsigned int _Idx = 0; _Head = const long unsigned int&]	16	static
tuple:160:7:static constexpr _Head& std::_Head_base<_Idx, _Head, false>::_M_head(std::_Head_base<_Idx, _Head, false>&) [with unsigned int _Idx = 0; _Head = const long unsigned int&]	16	static
move.h:74:5:constexpr _Tp&& std::forward(typename std::remove_reference<_Tp>::type&) [with _Tp = const long unsigned int&]	16	static
tuple:371:7:constexpr std::_Tuple_impl<_Idx, _Head>::_Tuple_impl(std::_Tuple_impl<_Idx, _Head>&&) [with unsigned int _Idx = 0; _Head = const long unsigned int&]	24	static
tuple:1652:7:>) [with _Args1 = {const long unsigned int&}; _Args2 = {}; _T1 = const long unsigned int; _T2 = extInt_t]	40	static
aligned_buffer.h:66:7:const void* __gnu_cxx::__aligned_membuf<_Tp>::_M_addr() const [with _Tp = std::pair<const long unsigned int, extInt_t>]	16	static
allocator.h:139:7:std::allocator< <template-parameter-1-1> >::~allocator() [with _Tp = std::_Rb_tree_node<std::pair<const long unsigned int, extInt_t> >]	16	static
stl_tree.h:1866:5:void std::_Rb_tree<_Key, _Val, _KeyOfValue, _Compare, _Alloc>::_M_erase(std::_Rb_tree<_Key, _Val, _KeyOfValue, _Compare, _Alloc>::_Link_type) [with _Key = long unsigned int; _Val = std::pair<const long unsigned int, extInt_t>; _KeyOfValue = std::_Select1st<std::pair<const long unsigned int, extInt_t> >; _Compare = std::less<long unsigned int>; _Alloc = std::allocator<std::pair<const long unsigned int, extInt_t> >]	24	static
tuple:1314:5:>&) [with unsigned int __i = 0; _Elements = {long unsigned int&&}]	16	static
tuple:1303:5:>&) [with unsigned int __i = 0; _Head = long unsigned int&&; _Tail = {}]	16	static
stl_tree.h:929:7:std::_Rb_tree<_Key, _Val, _KeyOfValue, _Compare, _Alloc>::_Rb_tree() [with _Key = long unsigned int; _Val = std::pair<const long unsigned int, extInt_t>; _KeyOfValue = std::_Select1st<std::pair<const long unsigned int, extInt_t> >; _Compare = std::less<long unsigned int>; _Alloc = std::allocator<std::pair<const long unsigned int, extInt_t> >]	16	static
stl_map.h:183:7:std::map<_Key, _Tp, _Compare, _Alloc>::map() [with _Key = long unsigned int; _Tp = extInt_t; _Compare = std::less<long unsigned int>; _Alloc = std::allocator<std::pair<const long unsigned int, extInt_t> >]	16	static
tuple:1664:7:_Indexes2 = {}; _T1 = const long unsigned int; _T2 = std::map<long unsigned int, extInt_t>]	24	static
tuple:1314:5:>&) [with unsigned int __i = 0; _Elements = {const long unsigned int&}]	16	static
tuple:1303:5:>&) [with unsigned int __i = 0; _Head = const long unsigned int&; _Tail = {}]	16	static
tuple:1664:7:_Indexes2 = {}; _T1 = const long unsigned int; _T2 = extInt_t]	24	static
new_allocator.h:86:7:__gnu_cxx::new_allocator<_Tp>::~new_allocator() [with _Tp = std::_Rb_tree_node<std::pair<const long unsigned int, extInt_t> >]	16	static
stl_tree.h:699:4:std::_Rb_tree<_Key, _Val, _KeyOfValue, _Compare, _Alloc>::_Rb_tree_impl<_Key_compare, <anonymous> >::_Rb_tree_impl() [with _Key_compare = std::less<long unsigned int>; bool <anonymous> = true; _Key = long unsigned int; _Val = std::pair<const long unsigned int, extInt_t>; _KeyOfValue = std::_Select1st<std::pair<const long unsigned int, extInt_t> >; _Compare = std::less<long unsigned int>; _Alloc = std::allocator<std::pair<const long unsigned int, extInt_t> >]	16	static
allocator.h:131:7:std::allocator< <template-parameter-1-1> >::allocator() [with _Tp = std::_Rb_tree_node<std::pair<const long unsigned int, extInt_t> >]	16	static
new_allocator.h:79:7:__gnu_cxx::new_allocator<_Tp>::new_allocator() [with _Tp = std::_Rb_tree_node<std::pair<const long unsigned int, extInt_t> >]	16	static
stl_map.h:300:7:std::map<_Key, _Tp, _Compare, _Alloc>::~map() [with _Key = long unsigned int; _Tp = std::map<long unsigned int, extInt_t>; _Compare = std::less<long unsigned int>; _Alloc = std::allocator<std::pair<const long unsigned int, std::map<long unsigned int, extInt_t> > >]	16	static
drv_extInt.cpp:41:1:void __static_initialization_and_destruction_0(int, int)	16	static
drv_extInt.cpp:41:1:cpp)	8	static
