fsl_adc.h:276:24:uint32_t ADC_GetChannelConversionValue(ADC_Type*, uint32_t)	16	static
fsl_adc.h:300:24:uint32_t ADC_GetChannelStatusFlags(ADC_Type*, uint32_t)	16	static
fsl_pwm.h:651:20:void PWM_SetPwmLdok(PWM_Type*, uint8_t, bool)	16	static
gthr-default.h:229:1:int __gthread_key_delete(__gthread_key_t)	16	static
drv_motor.cpp:3:6:void PWM_UpdatePwmDutycycleHiRes(PWM_Type*, pwm_submodule_t, pwm_channels_t, pwm_mode_t, float)	40	static
drv_motor.cpp:91:10:status_t motor_enable(bool)	16	static
drv_motor.cpp:103:6:bool motor_getFault()	4	static
drv_motor.cpp:107:10:status_t motor_clearFault()	16	static
drv_motor.cpp:137:6:void motor_update(int8_t, int8_t)	24	static
drv_motor.cpp:164:6:void motor_update(float, float)	16	static
drv_motor.cpp:191:6:void motor_getEncCount(int32_t*, int32_t*)	16	static
drv_motor.cpp:196:6:void motor_getCurrent(float*, float*)	24	static
drv_motor.cpp:218:10:status_t servo_enable(bool)	16	static
drv_motor.cpp:230:6:bool servo_getFault()	4	static
drv_motor.cpp:234:10:status_t servo_clearFault()	16	static
drv_motor.cpp:265:6:void servo_update(int8_t, int8_t)	24	static
drv_motor.cpp:274:6:void servo_update(float, float)	16	static
drv_motor.cpp:285:6:void servo_getCurrent(float*, float*)	24	static
drv_motor.cpp:306:6:void servo_getCurrent(float*)	24	static
drv_motor.cpp:317:1:void __static_initialization_and_destruction_0(int, int)	16	static
drv_motor.cpp:317:1:cpp)	8	static
