mpu_armv7.h:191:22:void ARM_MPU_Enable(uint32_t)	16	static
mpu_armv7.h:203:22:void ARM_MPU_Disable()	4	static
fsl_common.h:487:28:uint32_t DisableGlobalIRQ()	16	static
fsl_common.h:518:24:void EnableGlobalIRQ(uint32_t)	24	static
fsl_pwm.h:566:20:void PWM_StartTimer(PWM_Type*, uint8_t)	16	static
fsl_pwm.h:651:20:void PWM_SetPwmLdok(PWM_Type*, uint8_t, bool)	16	static
gthr-default.h:229:1:int __gthread_key_delete(__gthread_key_t)	16	static
rte_common.cpp:9:10:status_t rte_lowLevelInit()	16	static
rte_common.cpp:36:10:status_t rte_lowLevelDeInit()	16	static
rte_common.cpp:43:6:void BOARD_ConfigMPU()	32	static
rte_common.cpp:169:10:status_t rte_pwm_init()	56	static
rte_common.cpp:238:10:status_t rte_pwm_deInit()	16	static
rte_common.cpp:250:1:void __static_initialization_and_destruction_0(int, int)	16	static
rte_common.cpp:250:1:cpp)	8	static
