usb_host_hci.c:174:29:usb_host_instance_t* USB_HostGetInstance()	24	static
usb_host_hci.c:203:13:void USB_HostReleaseInstance(usb_host_instance_t*)	24	static
usb_host_hci.c:211:13:void USB_HostGetControllerInterface(uint8_t, const usb_host_controller_interface_t**)	16	static
usb_host_hci.c:243:14:usb_status_t USB_HostInit(uint8_t, void**, host_callback_t)	40	static
usb_host_hci.c:316:14:usb_status_t USB_HostDeinit(usb_host_handle)	32	static
usb_host_hci.c:356:14:usb_status_t USB_HostOpenPipe(usb_host_handle, void**, usb_host_pipe_init_t*)	32	static
usb_host_hci.c:374:14:usb_status_t USB_HostClosePipe(usb_host_handle, usb_host_pipe_handle)	24	static
usb_host_hci.c:390:14:usb_status_t USB_HostSend(usb_host_handle, usb_host_pipe_handle, usb_host_transfer_t*)	32	static
usb_host_hci.c:428:14:usb_status_t USB_HostSendSetup(usb_host_handle, usb_host_pipe_handle, usb_host_transfer_t*)	32	static
usb_host_hci.c:478:14:usb_status_t USB_HostRecv(usb_host_handle, usb_host_pipe_handle, usb_host_transfer_t*)	32	static
usb_host_hci.c:516:14:usb_status_t USB_HostCancelTransfer(usb_host_handle, usb_host_pipe_handle, usb_host_transfer_t*)	40	static
usb_host_hci.c:542:14:usb_status_t USB_HostMallocTransfer(usb_host_handle, usb_host_transfer_t**)	24	static
usb_host_hci.c:568:14:usb_status_t USB_HostFreeTransfer(usb_host_handle, usb_host_transfer_t*)	24	static
usb_host_hci.c:589:14:usb_status_t USB_HostHelperGetPeripheralInformation(usb_device_handle, uint32_t, uint32_t*)	32	static
usb_host_hci.c:681:14:usb_status_t USB_HostHelperParseAlternateSetting(usb_host_interface_handle, uint8_t, usb_host_interface_t*)	40	static
usb_host_hci.c:808:6:void USB_HostGetVersion(uint32_t*)	16	static
