fsl_video_common.c:19:6:bool VIDEO_IsYUV(video_pixel_format_t)	16	static
fsl_video_common.c:33:6:void VIDEO_DelayMs(uint32_t)	24	static
fsl_video_common.c:58:9:uint8_t VIDEO_GetPixelSizeBits(video_pixel_format_t)	24	static
fsl_video_common.c:103:10:status_t VIDEO_RINGBUF_Init(video_ringbuf_t*, void**, uint32_t)	24	static
fsl_video_common.c:115:10:status_t VIDEO_RINGBUF_Get(video_ringbuf_t*, void**)	24	static
fsl_video_common.c:140:10:status_t VIDEO_RINGBUF_Put(video_ringbuf_t*, void*)	24	static
fsl_video_common.c:164:10:uint32_t VIDEO_RINGBUF_GetLength(video_ringbuf_t*)	24	static
fsl_video_common.c:178:6:bool VIDEO_RINGBUF_IsEmpty(video_ringbuf_t*)	16	static
fsl_video_common.c:190:6:bool VIDEO_RINGBUF_IsFull(video_ringbuf_t*)	24	static
fsl_video_common.c:212:10:status_t VIDEO_MEMPOOL_Init(video_mempool_t*, void*, uint32_t, uint32_t)	24	static
fsl_video_common.c:225:6:void VIDEO_MEMPOOL_InitEmpty(video_mempool_t*)	16	static
fsl_video_common.c:231:6:void VIDEO_MEMPOOL_Put(video_mempool_t*, void*)	16	static
fsl_video_common.c:238:7:void* VIDEO_MEMPOOL_Get(video_mempool_t*)	24	static
fsl_video_common.c:251:10:uint32_t VIDEO_MEMPOOL_GetCount(video_mempool_t*)	16	static
