fsl_snvs_lp.h:322:20:void SNVS_LP_SRTC_StartTimer(SNVS_Type*)	16	static
fsl_snvs_lp.h:335:20:void SNVS_LP_SRTC_StopTimer(SNVS_Type*)	16	static
fsl_snvs_lp.c:93:13:bool SNVS_LP_CheckDatetimeFormat(const snvs_lp_srtc_datetime_t*)	40	static
fsl_snvs_lp.c:125:17:uint32_t SNVS_LP_ConvertDatetimeToSeconds(const snvs_lp_srtc_datetime_t*)	56	static
fsl_snvs_lp.c:155:13:void SNVS_LP_ConvertSecondsToDatetime(uint32_t, snvs_lp_srtc_datetime_t*)	56	static
fsl_snvs_lp.c:242:6:void SNVS_LP_Init(SNVS_Type*)	16	static
fsl_snvs_lp.c:260:6:void SNVS_LP_Deinit(SNVS_Type*)	16	static
fsl_snvs_lp.c:277:6:void SNVS_LP_SRTC_Init(SNVS_Type*, const snvs_lp_srtc_config_t*)	24	static
fsl_snvs_lp.c:307:6:void SNVS_LP_SRTC_Deinit(SNVS_Type*)	16	static
fsl_snvs_lp.c:328:6:void SNVS_LP_SRTC_GetDefaultConfig(snvs_lp_srtc_config_t*)	16	static
fsl_snvs_lp.c:339:17:uint32_t SNVS_LP_SRTC_GetSeconds(SNVS_Type*)	24	static
fsl_snvs_lp.c:363:10:status_t SNVS_LP_SRTC_SetDatetime(SNVS_Type*, const snvs_lp_srtc_datetime_t*)	24	static
fsl_snvs_lp.c:400:6:void SNVS_LP_SRTC_GetDatetime(SNVS_Type*, snvs_lp_srtc_datetime_t*)	16	static
fsl_snvs_lp.c:425:10:status_t SNVS_LP_SRTC_SetAlarm(SNVS_Type*, const snvs_lp_srtc_datetime_t*)	32	static
fsl_snvs_lp.c:469:6:void SNVS_LP_SRTC_GetAlarm(SNVS_Type*, snvs_lp_srtc_datetime_t*)	24	static
fsl_snvs_lp.c:489:10:uint32_t SNVS_LP_SRTC_GetStatusFlags(SNVS_Type*)	24	static
fsl_snvs_lp.c:509:10:uint32_t SNVS_LP_SRTC_GetEnabledInterrupts(SNVS_Type*)	24	static
fsl_snvs_lp.c:528:6:void SNVS_LP_EnableExternalTamper(SNVS_Type*, snvs_lp_external_tamper_t, snvs_lp_external_tamper_polarity_t)	16	static
fsl_snvs_lp.c:588:6:void SNVS_LP_DisableExternalTamper(SNVS_Type*, snvs_lp_external_tamper_t)	16	static
fsl_snvs_lp.c:637:34:snvs_lp_external_tamper_status_t SNVS_LP_GetExternalTamperStatus(SNVS_Type*, snvs_lp_external_tamper_t)	24	static
fsl_snvs_lp.c:687:6:void SNVS_LP_ClearExternalTamperStatus(SNVS_Type*, snvs_lp_external_tamper_t)	16	static
fsl_snvs_lp.c:736:10:uint64_t SNVS_LP_GetMonotonicCounter(SNVS_Type*)	32	static
fsl_snvs_lp.c:752:6:void SNVS_LP_WriteZeroizableMasterKey(SNVS_Type*, uint32_t*)	24	static
