fsl_snvs_hp.h:311:20:void SNVS_HP_RTC_StartTimer(SNVS_Type*)	16	static
fsl_snvs_hp.h:324:20:void SNVS_HP_RTC_StopTimer(SNVS_Type*)	16	static
fsl_snvs_hp.c:98:13:bool SNVS_HP_CheckDatetimeFormat(const snvs_hp_rtc_datetime_t*)	40	static
fsl_snvs_hp.c:130:17:uint32_t SNVS_HP_ConvertDatetimeToSeconds(const snvs_hp_rtc_datetime_t*)	56	static
fsl_snvs_hp.c:160:13:void SNVS_HP_ConvertSecondsToDatetime(uint32_t, snvs_hp_rtc_datetime_t*)	56	static
fsl_snvs_hp.c:246:6:void SNVS_HP_Init(SNVS_Type*)	16	static
fsl_snvs_hp.c:260:6:void SNVS_HP_Deinit(SNVS_Type*)	16	static
fsl_snvs_hp.c:277:6:void SNVS_HP_RTC_Init(SNVS_Type*, const snvs_hp_rtc_config_t*)	16	static
fsl_snvs_hp.c:303:6:void SNVS_HP_RTC_Deinit(SNVS_Type*)	16	static
fsl_snvs_hp.c:325:6:void SNVS_HP_RTC_GetDefaultConfig(snvs_hp_rtc_config_t*)	16	static
fsl_snvs_hp.c:337:17:uint32_t SNVS_HP_RTC_GetSeconds(SNVS_Type*)	24	static
fsl_snvs_hp.c:361:10:status_t SNVS_HP_RTC_SetDatetime(SNVS_Type*, const snvs_hp_rtc_datetime_t*)	24	static
fsl_snvs_hp.c:398:6:void SNVS_HP_RTC_GetDatetime(SNVS_Type*, snvs_hp_rtc_datetime_t*)	16	static
fsl_snvs_hp.c:419:10:status_t SNVS_HP_RTC_SetAlarm(SNVS_Type*, const snvs_hp_rtc_datetime_t*)	32	static
fsl_snvs_hp.c:464:6:void SNVS_HP_RTC_GetAlarm(SNVS_Type*, snvs_hp_rtc_datetime_t*)	24	static
fsl_snvs_hp.c:482:6:void SNVS_HP_RTC_TimeSynchronize(SNVS_Type*)	24	static
fsl_snvs_hp.c:507:10:uint32_t SNVS_HP_RTC_GetStatusFlags(SNVS_Type*)	24	static
fsl_snvs_hp.c:532:10:uint32_t SNVS_HP_RTC_GetEnabledInterrupts(SNVS_Type*)	24	static
