core_cm7.h:1902:22:void __NVIC_EnableIRQ(IRQn_Type)	16	static
fsl_clock.h:1034:20:void CLOCK_ControlGate(clock_ip_name_t, clock_gate_value_t)	32	static
fsl_clock.h:1051:20:void CLOCK_EnableClock(clock_ip_name_t)	16	static
fsl_clock.h:1061:20:void CLOCK_DisableClock(clock_ip_name_t)	16	static
fsl_common.h:419:28:status_t EnableIRQ(IRQn_Type)	16	static
fsl_enet.h:720:20:void ENET_Reset(ENET_Type*)	16	static
fsl_enet.h:763:20:bool ENET_GetSMI(ENET_Type*)	16	static
fsl_enet.h:979:20:void ENET_EnableSleepMode(ENET_Type*, bool)	16	static
fsl_enet.h:1031:20:void ENET_EnableInterrupts(ENET_Type*, uint32_t)	16	static
fsl_enet.c:301:10:uint32_t ENET_GetInstance(ENET_Type*)	24	static
fsl_enet.c:333:6:void ENET_GetDefaultConfig(enet_config_t*)	16	static
fsl_enet.c:383:6:void ENET_Init(ENET_Type*, enet_handle_t*, const enet_config_t*, const enet_buffer_config_t*, uint8_t*, uint32_t)	48	static
fsl_enet.c:426:6:void ENET_Deinit(ENET_Type*)	16	static
fsl_enet.c:449:6:void ENET_SetCallback(enet_handle_t*, enet_callback_t, void*)	24	static
fsl_enet.c:458:13:void ENET_SetHandler(ENET_Type*, enet_handle_t*, const enet_config_t*, const enet_buffer_config_t*)	40	static
fsl_enet.c:505:13:void ENET_SetMacController(ENET_Type*, enet_handle_t*, const enet_config_t*, const enet_buffer_config_t*, uint8_t*, uint32_t)	56	static
fsl_enet.c:747:13:void ENET_SetTxBufferDescriptors(enet_handle_t*, const enet_config_t*, const enet_buffer_config_t*)	48	static
fsl_enet.c:803:13:void ENET_SetRxBufferDescriptors(enet_handle_t*, const enet_config_t*, const enet_buffer_config_t*)	48	static
fsl_enet.c:885:13:void ENET_ActiveSend(ENET_Type*, uint32_t)	16	static
fsl_enet.c:920:6:void ENET_SetMII(ENET_Type*, enet_mii_speed_t, enet_mii_duplex_t)	24	static
fsl_enet.c:973:6:void ENET_SetMacAddr(ENET_Type*, uint8_t*)	24	static
fsl_enet.c:993:6:void ENET_GetMacAddr(ENET_Type*, uint8_t*)	24	static
fsl_enet.c:1021:6:void ENET_SetSMI(ENET_Type*, uint32_t, bool)	40	static
fsl_enet.c:1050:6:void ENET_StartSMIWrite(ENET_Type*, uint32_t, uint32_t, enet_mii_write_t, uint32_t)	32	static
fsl_enet.c:1070:6:void ENET_StartSMIRead(ENET_Type*, uint32_t, uint32_t, enet_mii_read_t)	32	static
fsl_enet.c:1090:6:void ENET_StartExtC45SMIWrite(ENET_Type*, uint32_t, uint32_t, uint32_t)	32	static
fsl_enet.c:1118:6:void ENET_StartExtC45SMIRead(ENET_Type*, uint32_t, uint32_t)	32	static
fsl_enet.c:1158:6:void ENET_GetRxErrBeforeReadFrame(enet_handle_t*, enet_data_error_stats_t*)	24	static
fsl_enet.c:1249:10:status_t ENET_GetRxFrameSize(enet_handle_t*, uint32_t*)	24	static
fsl_enet.c:1344:10:status_t ENET_ReadFrame(ENET_Type*, enet_handle_t*, uint8_t*, uint32_t)	56	static
fsl_enet.c:1462:13:void ENET_UpdateReadBuffers(ENET_Type*, enet_handle_t*, uint32_t)	24	static
fsl_enet.c:1521:10:status_t ENET_SendFrame(ENET_Type*, enet_handle_t*, const uint8_t*, uint32_t)	40	static
fsl_enet.c:2142:6:void ENET_AddMulticastGroup(ENET_Type*, uint8_t*)	32	static
fsl_enet.c:2187:6:void ENET_LeaveMulticastGroup(ENET_Type*, uint8_t*)	32	static
fsl_enet.c:3007:6:void ENET_TransmitIRQHandler(ENET_Type*, enet_handle_t*)	32	static
fsl_enet.c:3072:6:void ENET_ReceiveIRQHandler(ENET_Type*, enet_handle_t*)	32	static
fsl_enet.c:3116:6:void ENET_ErrorIRQHandler(ENET_Type*, enet_handle_t*)	32	static
fsl_enet.c:3221:6:void ENET_CommonFrame0IRQHandler(ENET_Type*)	24	static
fsl_enet.c:3318:6:void ENET_Transmit_IRQHandler()	8	static
fsl_enet.c:3328:6:void ENET_Receive_IRQHandler()	8	static
fsl_enet.c:3338:6:void ENET_Error_IRQHandler()	8	static
fsl_enet.c:3348:6:void ENET_1588_Timer_IRQHandler()	8	static
fsl_enet.c:3358:6:void ENET_DriverIRQHandler()	8	static
