core_cm7.h:1902:22:void __NVIC_EnableIRQ(IRQn_Type)	16	static
fsl_clock.h:1034:20:void CLOCK_ControlGate(clock_ip_name_t, clock_gate_value_t)	32	static
fsl_clock.h:1051:20:void CLOCK_EnableClock(clock_ip_name_t)	16	static
fsl_clock.h:1061:20:void CLOCK_DisableClock(clock_ip_name_t)	16	static
fsl_common.h:419:28:status_t EnableIRQ(IRQn_Type)	16	static
fsl_sai.h:873:20:void SAI_TxClearStatusFlags(I2S_Type*, uint32_t)	16	static
fsl_sai.h:898:20:void SAI_RxClearStatusFlags(I2S_Type*, uint32_t)	16	static
fsl_sai.h:1023:20:void SAI_TxSetFIFOErrorContinue(I2S_Type*, bool)	16	static
fsl_sai.h:1044:20:void SAI_RxSetFIFOErrorContinue(I2S_Type*, bool)	16	static
fsl_sai.h:1076:20:void SAI_TxEnableInterrupts(I2S_Type*, uint32_t)	16	static
fsl_sai.h:1093:20:void SAI_RxEnableInterrupts(I2S_Type*, uint32_t)	16	static
fsl_sai.h:1110:20:void SAI_TxDisableInterrupts(I2S_Type*, uint32_t)	16	static
fsl_sai.h:1127:20:void SAI_RxDisableInterrupts(I2S_Type*, uint32_t)	16	static
fsl_sai.c:210:17:uint32_t SAI_GetInstance(I2S_Type*)	24	static
fsl_sai.c:228:13:void SAI_WriteNonBlocking(I2S_Type*, uint32_t, uint32_t, uint32_t, uint32_t, uint8_t*, uint32_t)	48	static
fsl_sai.c:261:13:void SAI_ReadNonBlocking(I2S_Type*, uint32_t, uint32_t, uint32_t, uint32_t, uint8_t*, uint32_t)	40	static
fsl_sai.c:291:13:void SAI_GetCommonConfig(sai_transceiver_t*, sai_word_width_t, sai_mono_stereo_t, uint32_t)	24	static
fsl_sai.c:360:6:void SAI_TxInit(I2S_Type*, const sai_config_t*)	24	static
fsl_sai.c:490:6:void SAI_RxInit(I2S_Type*, const sai_config_t*)	24	static
fsl_sai.c:611:6:void SAI_Init(I2S_Type*)	16	static
fsl_sai.c:627:6:void SAI_Deinit(I2S_Type*)	16	static
fsl_sai.c:653:6:void SAI_TxGetDefaultConfig(sai_config_t*)	16	static
fsl_sai.c:687:6:void SAI_RxGetDefaultConfig(sai_config_t*)	16	static
fsl_sai.c:711:6:void SAI_TxReset(I2S_Type*)	16	static
fsl_sai.c:734:6:void SAI_RxReset(I2S_Type*)	16	static
fsl_sai.c:756:6:void SAI_TxEnable(I2S_Type*, bool)	16	static
fsl_sai.c:786:6:void SAI_RxEnable(I2S_Type*, bool)	16	static
fsl_sai.c:820:6:void SAI_TxSoftwareReset(I2S_Type*, sai_reset_type_t)	16	static
fsl_sai.c:839:6:void SAI_RxSoftwareReset(I2S_Type*, sai_reset_type_t)	16	static
fsl_sai.c:854:6:void SAI_TxSetChannelFIFOMask(I2S_Type*, uint8_t)	16	static
fsl_sai.c:867:6:void SAI_RxSetChannelFIFOMask(I2S_Type*, uint8_t)	16	static
fsl_sai.c:879:6:void SAI_TxSetDataOrder(I2S_Type*, sai_data_order_t)	24	static
fsl_sai.c:893:6:void SAI_RxSetDataOrder(I2S_Type*, sai_data_order_t)	24	static
fsl_sai.c:907:6:void SAI_TxSetBitClockPolarity(I2S_Type*, sai_clock_polarity_t)	24	static
fsl_sai.c:921:6:void SAI_RxSetBitClockPolarity(I2S_Type*, sai_clock_polarity_t)	24	static
fsl_sai.c:935:6:void SAI_TxSetFrameSyncPolarity(I2S_Type*, sai_clock_polarity_t)	24	static
fsl_sai.c:949:6:void SAI_RxSetFrameSyncPolarity(I2S_Type*, sai_clock_polarity_t)	24	static
fsl_sai.c:964:6:void SAI_TxSetFIFOPacking(I2S_Type*, sai_fifo_packing_t)	24	static
fsl_sai.c:979:6:void SAI_RxSetFIFOPacking(I2S_Type*, sai_fifo_packing_t)	24	static
fsl_sai.c:998:6:void SAI_TxSetBitClockRate(I2S_Type*, uint32_t, uint32_t, uint32_t, uint32_t)	40	static
fsl_sai.c:1045:6:void SAI_RxSetBitClockRate(I2S_Type*, uint32_t, uint32_t, uint32_t, uint32_t)	40	static
fsl_sai.c:1090:6:void SAI_TxSetBitclockConfig(I2S_Type*, sai_master_slave_t, sai_bit_clock_t*)	32	static
fsl_sai.c:1117:6:void SAI_RxSetBitclockConfig(I2S_Type*, sai_master_slave_t, sai_bit_clock_t*)	32	static
fsl_sai.c:1179:6:void SAI_TxSetFifoConfig(I2S_Type*, sai_fifo_t*)	24	static
fsl_sai.c:1221:6:void SAI_RxSetFifoConfig(I2S_Type*, sai_fifo_t*)	24	static
fsl_sai.c:1258:6:void SAI_TxSetFrameSyncConfig(I2S_Type*, sai_master_slave_t, sai_frame_sync_t*)	32	static
fsl_sai.c:1292:6:void SAI_RxSetFrameSyncConfig(I2S_Type*, sai_master_slave_t, sai_frame_sync_t*)	32	static
fsl_sai.c:1325:6:void SAI_TxSetSerialDataConfig(I2S_Type*, sai_serial_data_t*)	24	static
fsl_sai.c:1359:6:void SAI_RxSetSerialDataConfig(I2S_Type*, sai_serial_data_t*)	24	static
fsl_sai.c:1381:6:void SAI_TxSetConfig(I2S_Type*, sai_transceiver_t*)	32	static
fsl_sai.c:1477:6:void SAI_TransferTxSetConfig(I2S_Type*, sai_handle_t*, sai_transceiver_t*)	24	static
fsl_sai.c:1503:6:void SAI_RxSetConfig(I2S_Type*, sai_transceiver_t*)	32	static
fsl_sai.c:1600:6:void SAI_TransferRxSetConfig(I2S_Type*, sai_handle_t*, sai_transceiver_t*)	24	static
fsl_sai.c:1628:6:void SAI_GetClassicI2SConfig(sai_transceiver_t*, sai_word_width_t, sai_mono_stereo_t, uint32_t)	24	static
fsl_sai.c:1644:6:void SAI_GetLeftJustifiedConfig(sai_transceiver_t*, sai_word_width_t, sai_mono_stereo_t, uint32_t)	24	static
fsl_sai.c:1666:6:void SAI_GetRightJustifiedConfig(sai_transceiver_t*, sai_word_width_t, sai_mono_stereo_t, uint32_t)	24	static
fsl_sai.c:1688:6:void SAI_GetDSPConfig(sai_transceiver_t*, sai_frame_sync_len_t, sai_word_width_t, sai_mono_stereo_t, uint32_t)	16	static
fsl_sai.c:1720:6:void SAI_GetTDMConfig(sai_transceiver_t*, sai_frame_sync_len_t, sai_word_width_t, uint32_t, uint32_t)	24	static
fsl_sai.c:1762:6:void SAI_TxSetFormat(I2S_Type*, sai_transfer_format_t*, uint32_t, uint32_t)	48	static
fsl_sai.c:1902:6:void SAI_RxSetFormat(I2S_Type*, sai_transfer_format_t*, uint32_t, uint32_t)	48	static
fsl_sai.c:2039:6:void SAI_WriteBlocking(I2S_Type*, uint32_t, uint32_t, uint8_t*, uint32_t)	48	static
fsl_sai.c:2077:6:void SAI_WriteMultiChannelBlocking(I2S_Type*, uint32_t, uint32_t, uint32_t, uint8_t*, uint32_t)	64	static
fsl_sai.c:2132:6:void SAI_ReadMultiChannelBlocking(I2S_Type*, uint32_t, uint32_t, uint32_t, uint8_t*, uint32_t)	64	static
fsl_sai.c:2179:6:void SAI_ReadBlocking(I2S_Type*, uint32_t, uint32_t, uint8_t*, uint32_t)	48	static
fsl_sai.c:2211:6:void SAI_TransferTxCreateHandle(I2S_Type*, sai_handle_t*, sai_transfer_callback_t, void*)	32	static
fsl_sai.c:2242:6:void SAI_TransferRxCreateHandle(I2S_Type*, sai_handle_t*, sai_transfer_callback_t, void*)	32	static
fsl_sai.c:2278:10:status_t SAI_TransferTxSetFormat(I2S_Type*, sai_handle_t*, sai_transfer_format_t*, uint32_t, uint32_t)	24	static
fsl_sai.c:2328:10:status_t SAI_TransferRxSetFormat(I2S_Type*, sai_handle_t*, sai_transfer_format_t*, uint32_t, uint32_t)	24	static
fsl_sai.c:2377:10:status_t SAI_TransferSendNonBlocking(I2S_Type*, sai_handle_t*, sai_transfer_t*)	24	static
fsl_sai.c:2425:10:status_t SAI_TransferReceiveNonBlocking(I2S_Type*, sai_handle_t*, sai_transfer_t*)	24	static
fsl_sai.c:2467:10:status_t SAI_TransferGetSendCount(I2S_Type*, sai_handle_t*, size_t*)	32	static
fsl_sai.c:2494:10:status_t SAI_TransferGetReceiveCount(I2S_Type*, sai_handle_t*, size_t*)	32	static
fsl_sai.c:2521:6:void SAI_TransferAbortSend(I2S_Type*, sai_handle_t*)	16	static
fsl_sai.c:2551:6:void SAI_TransferAbortReceive(I2S_Type*, sai_handle_t*)	16	static
fsl_sai.c:2581:6:void SAI_TransferTerminateSend(I2S_Type*, sai_handle_t*)	16	static
fsl_sai.c:2604:6:void SAI_TransferTerminateReceive(I2S_Type*, sai_handle_t*)	16	static
fsl_sai.c:2624:6:void SAI_TransferTxHandleIRQ(I2S_Type*, sai_handle_t*)	48	static
fsl_sai.c:2701:6:void SAI_TransferRxHandleIRQ(I2S_Type*, sai_handle_t*)	48	static
fsl_sai.c:3632:6:void SAI1_DriverIRQHandler()	8	static
fsl_sai.c:3663:6:void SAI2_DriverIRQHandler()	8	static
fsl_sai.c:3694:6:void SAI3_DriverIRQHandler()	8	static
fsl_sai.c:3723:6:void SAI3_TX_DriverIRQHandler()	8	static
fsl_sai.c:3734:6:void SAI3_RX_DriverIRQHandler()	8	static
