fsl_flexio.h:652:20:void FLEXIO_EnableShifterStatusDMA(FLEXIO_Type*, uint32_t, bool)	24	static
fsl_flexio_i2s.h:205:20:void FLEXIO_I2S_Enable(FLEXIO_I2S_Type*, bool)	16	static
fsl_flexio_i2s.h:268:20:void FLEXIO_I2S_TxEnableDMA(FLEXIO_I2S_Type*, bool)	16	static
fsl_flexio_i2s.h:279:20:void FLEXIO_I2S_RxEnableDMA(FLEXIO_I2S_Type*, bool)	16	static
fsl_flexio_i2s.h:292:24:uint32_t FLEXIO_I2S_TxGetDataRegisterAddress(FLEXIO_I2S_Type*)	16	static
fsl_flexio_i2s.h:305:24:uint32_t FLEXIO_I2S_RxGetDataRegisterAddress(FLEXIO_I2S_Type*)	16	static
fsl_flexio_i2s_edma.c:64:13:void FLEXIO_I2S_TxEDMACallback(edma_handle_t*, void*, bool, uint32_t)	40	static
fsl_flexio_i2s_edma.c:84:13:void FLEXIO_I2S_RxEDMACallback(edma_handle_t*, void*, bool, uint32_t)	40	static
fsl_flexio_i2s_edma.c:117:6:void FLEXIO_I2S_TransferTxCreateHandleEDMA(FLEXIO_I2S_Type*, flexio_i2s_edma_handle_t*, flexio_i2s_edma_callback_t, void*, edma_handle_t*)	24	static
fsl_flexio_i2s_edma.c:159:6:void FLEXIO_I2S_TransferRxCreateHandleEDMA(FLEXIO_I2S_Type*, flexio_i2s_edma_handle_t*, flexio_i2s_edma_callback_t, void*, edma_handle_t*)	24	static
fsl_flexio_i2s_edma.c:201:6:void FLEXIO_I2S_TransferSetFormatEDMA(FLEXIO_I2S_Type*, flexio_i2s_edma_handle_t*, flexio_i2s_format_t*, uint32_t)	24	static
fsl_flexio_i2s_edma.c:236:10:status_t FLEXIO_I2S_TransferSendEDMA(FLEXIO_I2S_Type*, flexio_i2s_edma_handle_t*, flexio_i2s_transfer_t*)	88	static
fsl_flexio_i2s_edma.c:300:10:status_t FLEXIO_I2S_TransferReceiveEDMA(FLEXIO_I2S_Type*, flexio_i2s_edma_handle_t*, flexio_i2s_transfer_t*)	88	static
fsl_flexio_i2s_edma.c:356:6:void FLEXIO_I2S_TransferAbortSendEDMA(FLEXIO_I2S_Type*, flexio_i2s_edma_handle_t*)	16	static
fsl_flexio_i2s_edma.c:376:6:void FLEXIO_I2S_TransferAbortReceiveEDMA(FLEXIO_I2S_Type*, flexio_i2s_edma_handle_t*)	16	static
fsl_flexio_i2s_edma.c:399:10:status_t FLEXIO_I2S_TransferGetSendCountEDMA(FLEXIO_I2S_Type*, flexio_i2s_edma_handle_t*, size_t*)	40	static
fsl_flexio_i2s_edma.c:428:10:status_t FLEXIO_I2S_TransferGetReceiveCountEDMA(FLEXIO_I2S_Type*, flexio_i2s_edma_handle_t*, size_t*)	40	static
