core_cm7.h:1902:22:void __NVIC_EnableIRQ(IRQn_Type)	16	static
fsl_clock.h:1034:20:void CLOCK_ControlGate(clock_ip_name_t, clock_gate_value_t)	32	static
fsl_clock.h:1051:20:void CLOCK_EnableClock(clock_ip_name_t)	16	static
fsl_clock.h:1061:20:void CLOCK_DisableClock(clock_ip_name_t)	16	static
fsl_common.h:419:28:status_t EnableIRQ(IRQn_Type)	16	static
fsl_lpuart.h:275:20:void LPUART_SoftwareReset(LPUART_Type*)	16	static
fsl_lpuart.c:109:10:uint32_t LPUART_GetInstance(LPUART_Type*)	24	static
fsl_lpuart.c:133:8:size_t LPUART_TransferGetRxRingBufferLength(LPUART_Type*, lpuart_handle_t*)	32	static
fsl_lpuart.c:154:13:bool LPUART_TransferIsRxRingBufferFull(LPUART_Type*, lpuart_handle_t*)	24	static
fsl_lpuart.c:171:13:void LPUART_WriteNonBlocking(LPUART_Type*, const uint8_t*, size_t)	32	static
fsl_lpuart.c:185:13:void LPUART_ReadNonBlocking(LPUART_Type*, uint8_t*, size_t)	40	static
fsl_lpuart.c:239:10:status_t LPUART_Init(LPUART_Type*, const lpuart_config_t*, uint32_t)	64	static
fsl_lpuart.c:454:6:void LPUART_Deinit(LPUART_Type*)	24	static
fsl_lpuart.c:518:6:void LPUART_GetDefaultConfig(lpuart_config_t*)	16	static
fsl_lpuart.c:563:10:status_t LPUART_SetBaudRate(LPUART_Type*, uint32_t, uint32_t)	64	static
fsl_lpuart.c:661:6:void LPUART_EnableInterrupts(LPUART_Type*, uint32_t)	16	static
fsl_lpuart.c:685:6:void LPUART_DisableInterrupts(LPUART_Type*, uint32_t)	16	static
fsl_lpuart.c:716:10:uint32_t LPUART_GetEnabledInterrupts(LPUART_Type*)	24	static
fsl_lpuart.c:745:10:uint32_t LPUART_GetStatusFlags(LPUART_Type*)	24	static
fsl_lpuart.c:776:10:status_t LPUART_ClearStatusFlags(LPUART_Type*, uint32_t)	24	static
fsl_lpuart.c:831:6:void LPUART_WriteBlocking(LPUART_Type*, const uint8_t*, size_t)	32	static
fsl_lpuart.c:866:10:status_t LPUART_ReadBlocking(LPUART_Type*, uint8_t*, size_t)	40	static
fsl_lpuart.c:955:6:void LPUART_TransferCreateHandle(LPUART_Type*, lpuart_handle_t*, lpuart_transfer_callback_t, void*)	40	static
fsl_lpuart.c:1020:6:void LPUART_TransferStartRingBuffer(LPUART_Type*, lpuart_handle_t*, uint8_t*, size_t)	24	static
fsl_lpuart.c:1047:6:void LPUART_TransferStopRingBuffer(LPUART_Type*, lpuart_handle_t*)	16	static
fsl_lpuart.c:1082:10:status_t LPUART_TransferSendNonBlocking(LPUART_Type*, lpuart_handle_t*, lpuart_transfer_t*)	32	static
fsl_lpuart.c:1121:6:void LPUART_TransferAbortSend(LPUART_Type*, lpuart_handle_t*)	16	static
fsl_lpuart.c:1145:10:status_t LPUART_TransferGetSendCount(LPUART_Type*, lpuart_handle_t*, uint32_t*)	24	static
fsl_lpuart.c:1186:10:status_t LPUART_TransferReceiveNonBlocking(LPUART_Type*, lpuart_handle_t*, lpuart_transfer_t*, size_t*)	56	static
fsl_lpuart.c:1313:6:void LPUART_TransferAbortReceive(LPUART_Type*, lpuart_handle_t*)	16	static
fsl_lpuart.c:1342:10:status_t LPUART_TransferGetReceiveCount(LPUART_Type*, lpuart_handle_t*, uint32_t*)	24	static
fsl_lpuart.c:1365:6:void LPUART_TransferHandleIRQ(LPUART_Type*, lpuart_handle_t*)	40	static
fsl_lpuart.c:1588:6:void LPUART_TransferHandleErrorIRQ(LPUART_Type*, lpuart_handle_t*)	16	static
fsl_lpuart.c:1746:6:void LPUART1_DriverIRQHandler()	8	static
fsl_lpuart.c:1780:6:void LPUART2_DriverIRQHandler()	8	static
fsl_lpuart.c:1813:6:void LPUART3_DriverIRQHandler()	8	static
fsl_lpuart.c:1846:6:void LPUART4_DriverIRQHandler()	8	static
fsl_lpuart.c:1879:6:void LPUART5_DriverIRQHandler()	8	static
fsl_lpuart.c:1912:6:void LPUART6_DriverIRQHandler()	8	static
fsl_lpuart.c:1945:6:void LPUART7_DriverIRQHandler()	8	static
fsl_lpuart.c:1978:6:void LPUART8_DriverIRQHandler()	8	static
