core_cm7.h:1902:22:void __NVIC_EnableIRQ(IRQn_Type)	16	static
fsl_clock.h:1034:20:void CLOCK_ControlGate(clock_ip_name_t, clock_gate_value_t)	32	static
fsl_clock.h:1051:20:void CLOCK_EnableClock(clock_ip_name_t)	16	static
fsl_common.h:419:28:status_t EnableIRQ(IRQn_Type)	16	static
fsl_flexio.h:486:20:void FLEXIO_EnableShifterStatusInterrupts(FLEXIO_Type*, uint32_t)	16	static
fsl_flexio.h:499:20:void FLEXIO_DisableShifterStatusInterrupts(FLEXIO_Type*, uint32_t)	16	static
fsl_flexio.h:569:24:uint32_t FLEXIO_GetShifterStatusFlags(FLEXIO_Type*)	16	static
fsl_flexio.h:593:24:uint32_t FLEXIO_GetShifterErrorFlags(FLEXIO_Type*)	16	static
fsl_flexio.h:606:20:void FLEXIO_ClearShifterErrorFlags(FLEXIO_Type*, uint32_t)	16	static
fsl_flexio_i2s.h:205:20:void FLEXIO_I2S_Enable(FLEXIO_I2S_Type*, bool)	16	static
fsl_flexio_i2s.c:56:17:uint32_t FLEXIO_I2S_GetInstance(FLEXIO_I2S_Type*)	16	static
fsl_flexio_i2s.c:61:13:void FLEXIO_I2S_WriteNonBlocking(FLEXIO_I2S_Type*, uint8_t, uint8_t*, size_t)	48	static
fsl_flexio_i2s.c:82:13:void FLEXIO_I2S_ReadNonBlocking(FLEXIO_I2S_Type*, uint8_t, uint8_t*, size_t)	40	static
fsl_flexio_i2s.c:114:6:void FLEXIO_I2S_Init(FLEXIO_I2S_Type*, const flexio_i2s_config_t*)	72	static
fsl_flexio_i2s.c:256:6:void FLEXIO_I2S_GetDefaultConfig(flexio_i2s_config_t*)	16	static
fsl_flexio_i2s.c:279:6:void FLEXIO_I2S_Deinit(FLEXIO_I2S_Type*)	16	static
fsl_flexio_i2s.c:301:6:void FLEXIO_I2S_EnableInterrupts(FLEXIO_I2S_Type*, uint32_t)	16	static
fsl_flexio_i2s.c:319:10:uint32_t FLEXIO_I2S_GetStatusFlags(FLEXIO_I2S_Type*)	24	static
fsl_flexio_i2s.c:337:6:void FLEXIO_I2S_DisableInterrupts(FLEXIO_I2S_Type*, uint32_t)	16	static
fsl_flexio_i2s.c:359:6:void FLEXIO_I2S_MasterSetFormat(FLEXIO_I2S_Type*, flexio_i2s_format_t*, uint32_t)	32	static
fsl_flexio_i2s.c:386:6:void FLEXIO_I2S_SlaveSetFormat(FLEXIO_I2S_Type*, flexio_i2s_format_t*)	16	static
fsl_flexio_i2s.c:405:6:void FLEXIO_I2S_WriteBlocking(FLEXIO_I2S_Type*, uint8_t, uint8_t*, size_t)	32	static
fsl_flexio_i2s.c:437:6:void FLEXIO_I2S_ReadBlocking(FLEXIO_I2S_Type*, uint8_t, uint8_t*, size_t)	32	static
fsl_flexio_i2s.c:466:6:void FLEXIO_I2S_TransferTxCreateHandle(FLEXIO_I2S_Type*, flexio_i2s_handle_t*, flexio_i2s_callback_t, void*)	32	static
fsl_flexio_i2s.c:504:6:void FLEXIO_I2S_TransferRxCreateHandle(FLEXIO_I2S_Type*, flexio_i2s_handle_t*, flexio_i2s_callback_t, void*)	32	static
fsl_flexio_i2s.c:541:6:void FLEXIO_I2S_TransferSetFormat(FLEXIO_I2S_Type*, flexio_i2s_handle_t*, flexio_i2s_format_t*, uint32_t)	24	static
fsl_flexio_i2s.c:577:10:status_t FLEXIO_I2S_TransferSendNonBlocking(FLEXIO_I2S_Type*, flexio_i2s_handle_t*, flexio_i2s_transfer_t*)	24	static
fsl_flexio_i2s.c:624:10:status_t FLEXIO_I2S_TransferReceiveNonBlocking(FLEXIO_I2S_Type*, flexio_i2s_handle_t*, flexio_i2s_transfer_t*)	24	static
fsl_flexio_i2s.c:668:6:void FLEXIO_I2S_TransferAbortSend(FLEXIO_I2S_Type*, flexio_i2s_handle_t*)	16	static
fsl_flexio_i2s.c:691:6:void FLEXIO_I2S_TransferAbortReceive(FLEXIO_I2S_Type*, flexio_i2s_handle_t*)	16	static
fsl_flexio_i2s.c:714:10:status_t FLEXIO_I2S_TransferGetSendCount(FLEXIO_I2S_Type*, flexio_i2s_handle_t*, size_t*)	32	static
fsl_flexio_i2s.c:741:10:status_t FLEXIO_I2S_TransferGetReceiveCount(FLEXIO_I2S_Type*, flexio_i2s_handle_t*, size_t*)	32	static
fsl_flexio_i2s.c:765:6:void FLEXIO_I2S_TransferTxHandleIRQ(void*, void*)	40	static
fsl_flexio_i2s.c:814:6:void FLEXIO_I2S_TransferRxHandleIRQ(void*, void*)	40	static
