core_cm7.h:1902:22:void __NVIC_EnableIRQ(IRQn_Type)	16	static
fsl_clock.h:1034:20:void CLOCK_ControlGate(clock_ip_name_t, clock_gate_value_t)	32	static
fsl_clock.h:1051:20:void CLOCK_EnableClock(clock_ip_name_t)	16	static
fsl_common.h:419:28:status_t EnableIRQ(IRQn_Type)	16	static
fsl_flexio.h:486:20:void FLEXIO_EnableShifterStatusInterrupts(FLEXIO_Type*, uint32_t)	16	static
fsl_flexio.h:499:20:void FLEXIO_DisableShifterStatusInterrupts(FLEXIO_Type*, uint32_t)	16	static
fsl_flexio.h:569:24:uint32_t FLEXIO_GetShifterStatusFlags(FLEXIO_Type*)	16	static
fsl_flexio.h:582:20:void FLEXIO_ClearShifterStatusFlags(FLEXIO_Type*, uint32_t)	16	static
fsl_flexio.h:652:20:void FLEXIO_EnableShifterStatusDMA(FLEXIO_Type*, uint32_t, bool)	24	static
fsl_flexio_spi.h:467:20:void FLEXIO_SPI_WriteData(FLEXIO_SPI_Type*, flexio_spi_shift_direction_t, uint16_t)	16	static
fsl_flexio_spi.h:489:24:uint16_t FLEXIO_SPI_ReadData(FLEXIO_SPI_Type*, flexio_spi_shift_direction_t)	16	static
fsl_flexio_spi.h:646:20:void FLEXIO_SPI_SlaveTransferAbort(FLEXIO_SPI_Type*, flexio_spi_slave_handle_t*)	16	static
fsl_flexio_spi.c:63:17:uint32_t FLEXIO_SPI_GetInstance(FLEXIO_SPI_Type*)	16	static
fsl_flexio_spi.c:68:13:void FLEXIO_SPI_TransferSendTransaction(FLEXIO_SPI_Type*, flexio_spi_master_handle_t*)	24	static
fsl_flexio_spi.c:110:13:void FLEXIO_SPI_TransferReceiveTransaction(FLEXIO_SPI_Type*, flexio_spi_master_handle_t*)	24	static
fsl_flexio_spi.c:175:6:void FLEXIO_SPI_MasterInit(FLEXIO_SPI_Type*, flexio_spi_master_config_t*, uint32_t)	88	static
fsl_flexio_spi.c:302:6:void FLEXIO_SPI_MasterDeinit(FLEXIO_SPI_Type*)	16	static
fsl_flexio_spi.c:326:6:void FLEXIO_SPI_MasterGetDefaultConfig(flexio_spi_master_config_t*)	16	static
fsl_flexio_spi.c:378:6:void FLEXIO_SPI_SlaveInit(FLEXIO_SPI_Type*, flexio_spi_slave_config_t*)	72	static
fsl_flexio_spi.c:485:6:void FLEXIO_SPI_SlaveDeinit(FLEXIO_SPI_Type*)	16	static
fsl_flexio_spi.c:500:6:void FLEXIO_SPI_SlaveGetDefaultConfig(flexio_spi_slave_config_t*)	16	static
fsl_flexio_spi.c:527:6:void FLEXIO_SPI_EnableInterrupts(FLEXIO_SPI_Type*, uint32_t)	16	static
fsl_flexio_spi.c:549:6:void FLEXIO_SPI_DisableInterrupts(FLEXIO_SPI_Type*, uint32_t)	16	static
fsl_flexio_spi.c:569:6:void FLEXIO_SPI_EnableDMA(FLEXIO_SPI_Type*, uint32_t, bool)	24	static
fsl_flexio_spi.c:591:10:uint32_t FLEXIO_SPI_GetStatusFlags(FLEXIO_SPI_Type*)	24	static
fsl_flexio_spi.c:612:6:void FLEXIO_SPI_ClearStatusFlags(FLEXIO_SPI_Type*, uint32_t)	16	static
fsl_flexio_spi.c:631:6:void FLEXIO_SPI_MasterSetBaudRate(FLEXIO_SPI_Type*, uint32_t, uint32_t)	32	static
fsl_flexio_spi.c:658:6:void FLEXIO_SPI_WriteBlocking(FLEXIO_SPI_Type*, flexio_spi_shift_direction_t, const uint8_t*, size_t)	24	static
fsl_flexio_spi.c:687:6:void FLEXIO_SPI_ReadBlocking(FLEXIO_SPI_Type*, flexio_spi_shift_direction_t, uint8_t*, size_t)	24	static
fsl_flexio_spi.c:713:6:void FLEXIO_SPI_MasterTransferBlocking(FLEXIO_SPI_Type*, flexio_spi_transfer_t*)	32	static
fsl_flexio_spi.c:838:10:status_t FLEXIO_SPI_MasterTransferCreateHandle(FLEXIO_SPI_Type*, flexio_spi_master_handle_t*, flexio_spi_master_transfer_callback_t, void*)	32	static
fsl_flexio_spi.c:874:10:status_t FLEXIO_SPI_MasterTransferNonBlocking(FLEXIO_SPI_Type*, flexio_spi_master_handle_t*, flexio_spi_transfer_t*)	32	static
fsl_flexio_spi.c:991:10:status_t FLEXIO_SPI_MasterTransferGetCount(FLEXIO_SPI_Type*, flexio_spi_master_handle_t*, size_t*)	24	static
fsl_flexio_spi.c:1019:6:void FLEXIO_SPI_MasterTransferAbort(FLEXIO_SPI_Type*, flexio_spi_master_handle_t*)	16	static
fsl_flexio_spi.c:1040:6:void FLEXIO_SPI_MasterTransferHandleIRQ(void*, void*)	40	static
fsl_flexio_spi.c:1089:10:status_t FLEXIO_SPI_SlaveTransferCreateHandle(FLEXIO_SPI_Type*, flexio_spi_slave_handle_t*, flexio_spi_slave_transfer_callback_t, void*)	32	static
fsl_flexio_spi.c:1125:10:status_t FLEXIO_SPI_SlaveTransferNonBlocking(FLEXIO_SPI_Type*, flexio_spi_slave_handle_t*, flexio_spi_transfer_t*)	32	static
fsl_flexio_spi.c:1202:6:void FLEXIO_SPI_SlaveTransferHandleIRQ(void*, void*)	40	static
