core_cm7.h:1902:22:void __NVIC_EnableIRQ(IRQn_Type)	16	static
fsl_clock.h:1034:20:void CLOCK_ControlGate(clock_ip_name_t, clock_gate_value_t)	32	static
fsl_clock.h:1051:20:void CLOCK_EnableClock(clock_ip_name_t)	16	static
fsl_clock.h:1061:20:void CLOCK_DisableClock(clock_ip_name_t)	16	static
fsl_common.h:419:28:status_t EnableIRQ(IRQn_Type)	16	static
fsl_lpi2c.h:491:20:void LPI2C_MasterReset(LPI2C_Type*)	16	static
fsl_lpi2c.h:503:20:void LPI2C_MasterEnable(LPI2C_Type*, bool)	16	static
fsl_lpi2c.h:525:24:uint32_t LPI2C_MasterGetStatusFlags(LPI2C_Type*)	16	static
fsl_lpi2c.h:550:20:void LPI2C_MasterClearStatusFlags(LPI2C_Type*, uint32_t)	16	static
fsl_lpi2c.h:570:20:void LPI2C_MasterEnableInterrupts(LPI2C_Type*, uint32_t)	16	static
fsl_lpi2c.h:585:20:void LPI2C_MasterDisableInterrupts(LPI2C_Type*, uint32_t)	16	static
fsl_lpi2c.h:597:24:uint32_t LPI2C_MasterGetEnabledInterrupts(LPI2C_Type*)	16	static
fsl_lpi2c.h:657:20:void LPI2C_MasterSetWatermarks(LPI2C_Type*, size_t, size_t)	24	static
fsl_lpi2c.h:671:20:void LPI2C_MasterGetFifoCounts(LPI2C_Type*, size_t*, size_t*)	24	static
fsl_lpi2c.h:974:20:void LPI2C_SlaveReset(LPI2C_Type*)	16	static
fsl_lpi2c.h:1008:24:uint32_t LPI2C_SlaveGetStatusFlags(LPI2C_Type*)	16	static
fsl_lpi2c.h:1030:20:void LPI2C_SlaveClearStatusFlags(LPI2C_Type*, uint32_t)	16	static
fsl_lpi2c.h:1050:20:void LPI2C_SlaveEnableInterrupts(LPI2C_Type*, uint32_t)	16	static
fsl_lpi2c.h:1065:20:void LPI2C_SlaveDisableInterrupts(LPI2C_Type*, uint32_t)	16	static
fsl_lpi2c.c:157:10:uint32_t LPI2C_GetInstance(LPI2C_Type*)	24	static
fsl_lpi2c.c:179:17:uint32_t LPI2C_GetCyclesForWidth(uint32_t, uint32_t, uint32_t, uint32_t)	32	static
fsl_lpi2c.c:217:10:status_t LPI2C_MasterCheckAndClearError(LPI2C_Type*, uint32_t)	24	static
fsl_lpi2c.c:267:17:status_t LPI2C_MasterWaitForTxReady(LPI2C_Type*)	32	static
fsl_lpi2c.c:315:10:status_t LPI2C_CheckForBusyBus(LPI2C_Type*)	24	static
fsl_lpi2c.c:350:6:void LPI2C_MasterGetDefaultConfig(lpi2c_master_config_t*)	16	static
fsl_lpi2c.c:383:6:void LPI2C_MasterInit(LPI2C_Type*, const lpi2c_master_config_t*, uint32_t)	48	static
fsl_lpi2c.c:471:6:void LPI2C_MasterDeinit(LPI2C_Type*)	24	static
fsl_lpi2c.c:496:6:void LPI2C_MasterConfigureDataMatch(LPI2C_Type*, const lpi2c_data_match_config_t*)	24	static
fsl_lpi2c.c:527:6:void LPI2C_MasterSetBaudRate(LPI2C_Type*, uint32_t, uint32_t)	64	static
fsl_lpi2c.c:622:10:status_t LPI2C_MasterStart(LPI2C_Type*, uint8_t, lpi2c_direction_t)	24	static
fsl_lpi2c.c:663:10:status_t LPI2C_MasterStop(LPI2C_Type*)	24	static
fsl_lpi2c.c:723:10:status_t LPI2C_MasterReceive(LPI2C_Type*, void*, size_t)	40	static
fsl_lpi2c.c:801:10:status_t LPI2C_MasterSend(LPI2C_Type*, void*, size_t)	32	static
fsl_lpi2c.c:839:10:status_t LPI2C_MasterTransferBlocking(LPI2C_Type*, lpi2c_master_transfer_t*)	48	static
fsl_lpi2c.c:950:6:void LPI2C_MasterTransferCreateHandle(LPI2C_Type*, lpi2c_master_handle_t*, lpi2c_master_transfer_callback_t, void*)	32	static
fsl_lpi2c.c:994:17:status_t LPI2C_RunTransferStateMachine(LPI2C_Type*, lpi2c_master_handle_t*, bool*)	56	static
fsl_lpi2c.c:1165:13:void LPI2C_InitTransferStateMachine(lpi2c_master_handle_t*)	40	static
fsl_lpi2c.c:1241:10:status_t LPI2C_MasterTransferNonBlocking(LPI2C_Type*, lpi2c_master_handle_t*, lpi2c_master_transfer_t*)	40	static
fsl_lpi2c.c:1293:10:status_t LPI2C_MasterTransferGetCount(LPI2C_Type*, lpi2c_master_handle_t*, size_t*)	40	static
fsl_lpi2c.c:1356:6:void LPI2C_MasterTransferAbort(LPI2C_Type*, lpi2c_master_handle_t*)	16	static
fsl_lpi2c.c:1381:6:void LPI2C_MasterTransferHandleIRQ(LPI2C_Type*, lpi2c_master_handle_t*)	32	static
fsl_lpi2c.c:1450:6:void LPI2C_SlaveGetDefaultConfig(lpi2c_slave_config_t*)	16	static
fsl_lpi2c.c:1486:6:void LPI2C_SlaveInit(LPI2C_Type*, const lpi2c_slave_config_t*, uint32_t)	40	static
fsl_lpi2c.c:1537:6:void LPI2C_SlaveDeinit(LPI2C_Type*)	24	static
fsl_lpi2c.c:1564:17:status_t LPI2C_SlaveCheckAndClearError(LPI2C_Type*, uint32_t)	24	static
fsl_lpi2c.c:1600:10:status_t LPI2C_SlaveSend(LPI2C_Type*, void*, size_t, size_t*)	40	static
fsl_lpi2c.c:1678:10:status_t LPI2C_SlaveReceive(LPI2C_Type*, void*, size_t, size_t*)	40	static
fsl_lpi2c.c:1763:6:void LPI2C_SlaveTransferCreateHandle(LPI2C_Type*, lpi2c_slave_handle_t*, lpi2c_slave_transfer_callback_t, void*)	32	static
fsl_lpi2c.c:1820:10:status_t LPI2C_SlaveTransferNonBlocking(LPI2C_Type*, lpi2c_slave_handle_t*, uint32_t)	32	static
fsl_lpi2c.c:1872:10:status_t LPI2C_SlaveTransferGetCount(LPI2C_Type*, lpi2c_slave_handle_t*, size_t*)	24	static
fsl_lpi2c.c:1902:6:void LPI2C_SlaveTransferAbort(LPI2C_Type*, lpi2c_slave_handle_t*)	16	static
fsl_lpi2c.c:1930:6:void LPI2C_SlaveTransferHandleIRQ(LPI2C_Type*, lpi2c_slave_handle_t*)	24	static
fsl_lpi2c.c:2081:13:void LPI2C_CommonIRQHandler(LPI2C_Type*, uint32_t)	16	static
fsl_lpi2c.c:2113:6:void LPI2C1_DriverIRQHandler()	8	static
fsl_lpi2c.c:2121:6:void LPI2C2_DriverIRQHandler()	8	static
fsl_lpi2c.c:2129:6:void LPI2C3_DriverIRQHandler()	8	static
fsl_lpi2c.c:2137:6:void LPI2C4_DriverIRQHandler()	8	static
