core_cm7.h:1902:22:void __NVIC_EnableIRQ(IRQn_Type)	16	static
fsl_common.h:419:28:status_t EnableIRQ(IRQn_Type)	16	static
fsl_flexio.h:486:20:void FLEXIO_EnableShifterStatusInterrupts(FLEXIO_Type*, uint32_t)	16	static
fsl_flexio.h:499:20:void FLEXIO_DisableShifterStatusInterrupts(FLEXIO_Type*, uint32_t)	16	static
fsl_flexio.h:569:24:uint32_t FLEXIO_GetShifterStatusFlags(FLEXIO_Type*)	16	static
fsl_flexio.h:582:20:void FLEXIO_ClearShifterStatusFlags(FLEXIO_Type*, uint32_t)	16	static
fsl_flexio.h:617:24:uint32_t FLEXIO_GetTimerStatusFlags(FLEXIO_Type*)	16	static
fsl_flexio_mculcd.h:515:20:void FLEXIO_MCULCD_WriteData(FLEXIO_MCULCD_Type*, uint32_t)	16	static
fsl_flexio_mculcd.h:525:20:void FLEXIO_MCULCD_StartTransfer(FLEXIO_MCULCD_Type*)	16	static
fsl_flexio_mculcd.h:535:20:void FLEXIO_MCULCD_StopTransfer(FLEXIO_MCULCD_Type*)	16	static
fsl_flexio_mculcd.c:57:10:status_t FLEXIO_MCULCD_Init(FLEXIO_MCULCD_Type*, flexio_mculcd_config_t*, uint32_t)	32	static
fsl_flexio_mculcd.c:82:6:void FLEXIO_MCULCD_Deinit(FLEXIO_MCULCD_Type*)	16	static
fsl_flexio_mculcd.c:101:6:void FLEXIO_MCULCD_GetDefaultConfig(flexio_mculcd_config_t*)	16	static
fsl_flexio_mculcd.c:124:10:status_t FLEXIO_MCULCD_SetBaudRate(FLEXIO_MCULCD_Type*, uint32_t, uint32_t)	40	static
fsl_flexio_mculcd.c:158:10:uint32_t FLEXIO_MCULCD_GetStatusFlags(FLEXIO_MCULCD_Type*)	24	static
fsl_flexio_mculcd.c:188:6:void FLEXIO_MCULCD_ClearStatusFlags(FLEXIO_MCULCD_Type*, uint32_t)	24	static
fsl_flexio_mculcd.c:215:6:void FLEXIO_MCULCD_EnableInterrupts(FLEXIO_MCULCD_Type*, uint32_t)	24	static
fsl_flexio_mculcd.c:242:6:void FLEXIO_MCULCD_DisableInterrupts(FLEXIO_MCULCD_Type*, uint32_t)	24	static
fsl_flexio_mculcd.c:286:10:uint32_t FLEXIO_MCULCD_ReadData(FLEXIO_MCULCD_Type*)	16	static
fsl_flexio_mculcd.c:306:6:void FLEXIO_MCULCD_SetSingleBeatWriteConfig(FLEXIO_MCULCD_Type*)	24	static
fsl_flexio_mculcd.c:359:6:void FLEXIO_MCULCD_ClearSingleBeatWriteConfig(FLEXIO_MCULCD_Type*)	16	static
fsl_flexio_mculcd.c:384:6:void FLEXIO_MCULCD_SetSingleBeatReadConfig(FLEXIO_MCULCD_Type*)	24	static
fsl_flexio_mculcd.c:450:6:void FLEXIO_MCULCD_ClearSingleBeatReadConfig(FLEXIO_MCULCD_Type*)	16	static
fsl_flexio_mculcd.c:475:6:void FLEXIO_MCULCD_SetMultiBeatsWriteConfig(FLEXIO_MCULCD_Type*)	32	static
fsl_flexio_mculcd.c:546:6:void FLEXIO_MCULCD_ClearMultiBeatsWriteConfig(FLEXIO_MCULCD_Type*)	24	static
fsl_flexio_mculcd.c:579:6:void FLEXIO_MCULCD_SetMultiBeatsReadConfig(FLEXIO_MCULCD_Type*)	32	static
fsl_flexio_mculcd.c:662:6:void FLEXIO_MCULCD_ClearMultiBeatsReadConfig(FLEXIO_MCULCD_Type*)	24	static
fsl_flexio_mculcd.c:691:6:void FLEXIO_MCULCD_WaitTransmitComplete()	16	static
fsl_flexio_mculcd.c:710:6:void FLEXIO_MCULCD_WriteCommandBlocking(FLEXIO_MCULCD_Type*, uint32_t)	32	static
fsl_flexio_mculcd.c:755:6:void FLEXIO_MCULCD_WriteDataArrayBlocking(FLEXIO_MCULCD_Type*, void*, size_t)	40	static
fsl_flexio_mculcd.c:826:6:void FLEXIO_MCULCD_ReadDataArrayBlocking(FLEXIO_MCULCD_Type*, void*, size_t)	48	static
fsl_flexio_mculcd.c:904:6:void FLEXIO_MCULCD_WriteSameValueBlocking(FLEXIO_MCULCD_Type*, uint32_t, size_t)	32	static
fsl_flexio_mculcd.c:951:6:void FLEXIO_MCULCD_TransferBlocking(FLEXIO_MCULCD_Type*, flexio_mculcd_transfer_t*)	16	static
fsl_flexio_mculcd.c:988:10:status_t FLEXIO_MCULCD_TransferCreateHandle(FLEXIO_MCULCD_Type*, flexio_mculcd_handle_t*, flexio_mculcd_transfer_callback_t, void*)	32	static
fsl_flexio_mculcd.c:1029:10:status_t FLEXIO_MCULCD_TransferNonBlocking(FLEXIO_MCULCD_Type*, flexio_mculcd_handle_t*, flexio_mculcd_transfer_t*)	32	static
fsl_flexio_mculcd.c:1117:6:void FLEXIO_MCULCD_TransferAbort(FLEXIO_MCULCD_Type*, flexio_mculcd_handle_t*)	16	static
fsl_flexio_mculcd.c:1160:10:status_t FLEXIO_MCULCD_TransferGetCount(FLEXIO_MCULCD_Type*, flexio_mculcd_handle_t*, size_t*)	24	static
fsl_flexio_mculcd.c:1185:6:void FLEXIO_MCULCD_TransferHandleIRQ(void*, void*)	40	static
