fsl_clock.h:1034:20:void CLOCK_ControlGate(clock_ip_name_t, clock_gate_value_t)	32	static
fsl_clock.h:1051:20:void CLOCK_EnableClock(clock_ip_name_t)	16	static
fsl_clock.h:1061:20:void CLOCK_DisableClock(clock_ip_name_t)	16	static
fsl_pxp.c:98:17:uint32_t PXP_GetInstance(PXP_Type*)	24	static
fsl_pxp.c:157:13:void PXP_GetScalerParam(uint16_t, uint16_t, uint8_t*, uint32_t*)	32	static
fsl_pxp.c:203:6:void PXP_Init(PXP_Type*)	24	static
fsl_pxp.c:240:6:void PXP_Deinit(PXP_Type*)	24	static
fsl_pxp.c:255:6:void PXP_Reset(PXP_Type*)	16	static
fsl_pxp.c:267:6:void PXP_SetAlphaSurfaceBufferConfig(PXP_Type*, const pxp_as_buffer_config_t*)	16	static
fsl_pxp.c:283:6:void PXP_SetAlphaSurfaceBlendConfig(PXP_Type*, const pxp_as_blend_config_t*)	24	static
fsl_pxp.c:311:6:void PXP_SetAlphaSurfacePosition(PXP_Type*, uint16_t, uint16_t, uint16_t, uint16_t)	24	static
fsl_pxp.c:332:6:void PXP_SetAlphaSurfaceOverlayColorKey(PXP_Type*, uint32_t, uint32_t)	24	static
fsl_pxp.c:344:6:void PXP_SetProcessSurfaceBufferConfig(PXP_Type*, const pxp_ps_buffer_config_t*)	16	static
fsl_pxp.c:368:6:void PXP_SetProcessSurfaceScaler(PXP_Type*, uint16_t, uint16_t, uint16_t, uint16_t)	40	static
fsl_pxp.c:392:6:void PXP_SetProcessSurfacePosition(PXP_Type*, uint16_t, uint16_t, uint16_t, uint16_t)	24	static
fsl_pxp.c:409:6:void PXP_SetProcessSurfaceColorKey(PXP_Type*, uint32_t, uint32_t)	24	static
fsl_pxp.c:421:6:void PXP_SetOutputBufferConfig(PXP_Type*, const pxp_output_buffer_config_t*)	16	static
fsl_pxp.c:495:6:void PXP_SetCsc1Mode(PXP_Type*, pxp_csc1_mode_t)	16	static
