fsl_clock.h:1034:20:void CLOCK_ControlGate(clock_ip_name_t, clock_gate_value_t)	32	static
fsl_clock.h:1051:20:void CLOCK_EnableClock(clock_ip_name_t)	16	static
fsl_clock.h:1061:20:void CLOCK_DisableClock(clock_ip_name_t)	16	static
fsl_semc.h:764:24:uint16_t SEMC_BuildNandIPCommand(uint8_t, semc_ipcmd_nand_addrmode_t, semc_ipcmd_nand_cmdmode_t)	16	static
fsl_semc.c:110:17:uint32_t SEMC_GetInstance(SEMC_Type*)	24	static
fsl_semc.c:128:17:status_t SEMC_CovertMemorySize(SEMC_Type*, uint32_t, uint8_t*)	32	static
fsl_semc.c:148:16:uint8_t SEMC_ConvertTiming(uint32_t, uint32_t)	24	static
fsl_semc.c:166:17:status_t SEMC_ConfigureIPCommand(SEMC_Type*, uint8_t)	16	static
fsl_semc.c:198:17:status_t SEMC_IsIPCommandDone(SEMC_Type*)	16	static
fsl_semc.c:232:6:void SEMC_GetDefaultConfig(semc_config_t*)	24	static
fsl_semc.c:266:6:void SEMC_Init(SEMC_Type*, semc_config_t*)	24	static
fsl_semc.c:309:6:void SEMC_Deinit(SEMC_Type*)	16	static
fsl_semc.c:334:10:status_t SEMC_ConfigureSDRAM(SEMC_Type*, semc_sdram_cs_t, semc_sdram_config_t*, uint32_t)	64	static
fsl_semc.c:442:10:status_t SEMC_ConfigureNAND(SEMC_Type*, semc_nand_config_t*, uint32_t)	48	static
fsl_semc.c:523:10:status_t SEMC_ConfigureNOR(SEMC_Type*, semc_nor_config_t*, uint32_t)	48	static
fsl_semc.c:648:10:status_t SEMC_ConfigureSRAM(SEMC_Type*, semc_sram_config_t*, uint32_t)	48	static
fsl_semc.c:761:10:status_t SEMC_ConfigureDBI(SEMC_Type*, semc_dbi_config_t*, uint32_t)	48	static
fsl_semc.c:815:10:status_t SEMC_SendIPCommand(SEMC_Type*, semc_mem_type_t, uint32_t, uint16_t, uint32_t, uint32_t*)	40	static
fsl_semc.c:887:10:status_t SEMC_IPCommandNandWrite(SEMC_Type*, uint32_t, uint8_t*, uint32_t)	48	static
fsl_semc.c:935:10:status_t SEMC_IPCommandNandRead(SEMC_Type*, uint32_t, uint8_t*, uint32_t)	48	static
fsl_semc.c:983:10:status_t SEMC_IPCommandNorRead(SEMC_Type*, uint32_t, uint8_t*, uint32_t)	48	static
fsl_semc.c:1029:10:status_t SEMC_IPCommandNorWrite(SEMC_Type*, uint32_t, uint8_t*, uint32_t)	48	static
