fsl_flexio_spi.h:389:24:uint32_t FLEXIO_SPI_GetTxDataRegisterAddress(FLEXIO_SPI_Type*, flexio_spi_shift_direction_t)	16	static
fsl_flexio_spi.h:413:24:uint32_t FLEXIO_SPI_GetRxDataRegisterAddress(FLEXIO_SPI_Type*, flexio_spi_shift_direction_t)	16	static
fsl_flexio_spi_edma.c:75:13:void FLEXIO_SPI_TxEDMACallback(edma_handle_t*, void*, bool, uint32_t)	40	static
fsl_flexio_spi_edma.c:100:13:void FLEXIO_SPI_RxEDMACallback(edma_handle_t*, void*, bool, uint32_t)	40	static
fsl_flexio_spi_edma.c:125:13:void FLEXIO_SPI_EDMAConfig(FLEXIO_SPI_Type*, flexio_spi_master_edma_handle_t*, flexio_spi_transfer_t*)	56	static
fsl_flexio_spi_edma.c:251:10:status_t FLEXIO_SPI_MasterTransferCreateHandleEDMA(FLEXIO_SPI_Type*, flexio_spi_master_edma_handle_t*, flexio_spi_master_edma_transfer_callback_t, void*, edma_handle_t*, edma_handle_t*)	32	static
fsl_flexio_spi_edma.c:317:10:status_t FLEXIO_SPI_MasterTransferEDMA(FLEXIO_SPI_Type*, flexio_spi_master_edma_handle_t*, flexio_spi_transfer_t*)	32	static
fsl_flexio_spi_edma.c:371:10:status_t FLEXIO_SPI_MasterTransferGetCountEDMA(FLEXIO_SPI_Type*, flexio_spi_master_edma_handle_t*, size_t*)	32	static
fsl_flexio_spi_edma.c:404:6:void FLEXIO_SPI_MasterTransferAbortEDMA(FLEXIO_SPI_Type*, flexio_spi_master_edma_handle_t*)	16	static
fsl_flexio_spi_edma.c:434:10:status_t FLEXIO_SPI_SlaveTransferEDMA(FLEXIO_SPI_Type*, flexio_spi_slave_edma_handle_t*, flexio_spi_transfer_t*)	32	static
