fsl_clock.h:1034:20:void CLOCK_ControlGate(clock_ip_name_t, clock_gate_value_t)	32	static
fsl_clock.h:1051:20:void CLOCK_EnableClock(clock_ip_name_t)	16	static
fsl_clock.h:1061:20:void CLOCK_DisableClock(clock_ip_name_t)	16	static
fsl_cmp.h:154:20:void CMP_Enable(CMP_Type*, bool)	16	static
fsl_cmp.c:39:17:uint32_t CMP_GetInstance(CMP_Type*)	24	static
fsl_cmp.c:70:6:void CMP_Init(CMP_Type*, const cmp_config_t*)	24	static
fsl_cmp.c:134:6:void CMP_Deinit(CMP_Type*)	16	static
fsl_cmp.c:160:6:void CMP_GetDefaultConfig(cmp_config_t*)	16	static
fsl_cmp.c:189:6:void CMP_SetInputChannels(CMP_Type*, uint8_t, uint8_t)	24	static
fsl_cmp.c:210:6:void CMP_EnableDMA(CMP_Type*, bool)	24	static
fsl_cmp.c:232:6:void CMP_SetFilterConfig(CMP_Type*, const cmp_filter_config_t*)	24	static
fsl_cmp.c:263:6:void CMP_SetDACConfig(CMP_Type*, const cmp_dac_config_t*)	24	static
fsl_cmp.c:290:6:void CMP_EnableInterrupts(CMP_Type*, uint32_t)	24	static
fsl_cmp.c:311:6:void CMP_DisableInterrupts(CMP_Type*, uint32_t)	24	static
fsl_cmp.c:333:10:uint32_t CMP_GetStatusFlags(CMP_Type*)	24	static
fsl_cmp.c:358:6:void CMP_ClearStatusFlags(CMP_Type*, uint32_t)	24	static
