fsl_lpspi.h:489:20:void LPSPI_Enable(LPSPI_Type*, bool)	16	static
fsl_lpspi.h:535:24:uint32_t LPSPI_GetRxFifoSize(LPSPI_Type*)	16	static
fsl_lpspi.h:555:24:uint32_t LPSPI_GetRxFifoCount(LPSPI_Type*)	16	static
fsl_lpspi.h:573:20:void LPSPI_ClearStatusFlags(LPSPI_Type*, uint32_t)	16	static
fsl_lpspi.h:615:20:void LPSPI_DisableInterrupts(LPSPI_Type*, uint32_t)	16	static
fsl_lpspi.h:640:20:void LPSPI_EnableDMA(LPSPI_Type*, uint32_t)	16	static
fsl_lpspi.h:656:20:void LPSPI_DisableDMA(LPSPI_Type*, uint32_t)	16	static
fsl_lpspi.h:671:24:uint32_t LPSPI_GetTxRegisterAddress(LPSPI_Type*)	16	static
fsl_lpspi.h:686:24:uint32_t LPSPI_GetRxRegisterAddress(LPSPI_Type*)	16	static
fsl_lpspi.h:741:20:void LPSPI_FlushFifo(LPSPI_Type*, bool, bool)	16	static
fsl_lpspi.h:757:20:void LPSPI_SetFifoWatermarks(LPSPI_Type*, uint32_t, uint32_t)	24	static
fsl_lpspi.h:916:24:uint32_t LPSPI_ReadData(LPSPI_Type*)	16	static
fsl_lpspi_edma.c:84:17:uint32_t LPSPI_GetInstance(LPSPI_Type*)	24	static
fsl_lpspi_edma.c:102:13:void LPSPI_SeparateEdmaReadData(uint8_t*, uint32_t, uint32_t, bool)	24	static
fsl_lpspi_edma.c:176:6:void LPSPI_MasterTransferCreateHandleEDMA(LPSPI_Type*, lpspi_master_edma_handle_t*, lpspi_master_edma_transfer_callback_t, void*, edma_handle_t*, edma_handle_t*)	32	static
fsl_lpspi_edma.c:219:10:status_t LPSPI_MasterTransferEDMA(LPSPI_Type*, lpspi_master_edma_handle_t*, lpspi_transfer_t*)	120	static
fsl_lpspi_edma.c:582:13:void EDMA_LpspiMasterCallback(edma_handle_t*, void*, bool, uint32_t)	40	static
fsl_lpspi_edma.c:631:6:void LPSPI_MasterTransferAbortEDMA(LPSPI_Type*, lpspi_master_edma_handle_t*)	16	static
fsl_lpspi_edma.c:653:10:status_t LPSPI_MasterTransferGetCountEDMA(LPSPI_Type*, lpspi_master_edma_handle_t*, size_t*)	40	static
fsl_lpspi_edma.c:700:6:void LPSPI_SlaveTransferCreateHandleEDMA(LPSPI_Type*, lpspi_slave_edma_handle_t*, lpspi_slave_edma_transfer_callback_t, void*, edma_handle_t*, edma_handle_t*)	32	static
fsl_lpspi_edma.c:743:10:status_t LPSPI_SlaveTransferEDMA(LPSPI_Type*, lpspi_slave_edma_handle_t*, lpspi_transfer_t*)	120	static
fsl_lpspi_edma.c:1075:13:void EDMA_LpspiSlaveCallback(edma_handle_t*, void*, bool, uint32_t)	40	static
fsl_lpspi_edma.c:1124:6:void LPSPI_SlaveTransferAbortEDMA(LPSPI_Type*, lpspi_slave_edma_handle_t*)	16	static
fsl_lpspi_edma.c:1146:10:status_t LPSPI_SlaveTransferGetCountEDMA(LPSPI_Type*, lpspi_slave_edma_handle_t*, size_t*)	40	static
