fsl_clock.h:1034:20:void CLOCK_ControlGate(clock_ip_name_t, clock_gate_value_t)	32	static
fsl_clock.h:1051:20:void CLOCK_EnableClock(clock_ip_name_t)	16	static
fsl_clock.h:1061:20:void CLOCK_DisableClock(clock_ip_name_t)	16	static
fsl_bee.h:127:20:void BEE_Enable(BEE_Type*)	16	static
fsl_bee.h:139:20:void BEE_Disable(BEE_Type*)	16	static
fsl_bee.c:28:13:void aligned_memcpy(void*, const void*, size_t)	32	static
fsl_bee.c:49:6:void BEE_Init(BEE_Type*)	16	static
fsl_bee.c:66:6:void BEE_Deinit(BEE_Type*)	16	static
fsl_bee.c:95:6:void BEE_GetDefaultConfig(bee_region_config_t*)	16	static
fsl_bee.c:122:6:void BEE_SetConfig(BEE_Type*, const bee_region_config_t*)	24	static
fsl_bee.c:175:10:status_t BEE_SetRegionKey(BEE_Type*, bee_region_t, const uint8_t*, size_t)	32	static
fsl_bee.c:245:10:status_t BEE_SetRegionNonce(BEE_Type*, bee_region_t, const uint8_t*, size_t)	24	static
fsl_bee.c:287:10:uint32_t BEE_GetStatusFlags(BEE_Type*)	16	static
fsl_bee.c:299:6:void BEE_ClearStatusFlags(BEE_Type*, uint32_t)	16	static
