fsl_clock.h:1034:20:void CLOCK_ControlGate(clock_ip_name_t, clock_gate_value_t)	32	static
fsl_clock.h:1051:20:void CLOCK_EnableClock(clock_ip_name_t)	16	static
fsl_clock.h:1061:20:void CLOCK_DisableClock(clock_ip_name_t)	16	static
fsl_qtmr.c:41:17:uint32_t QTMR_GetInstance(TMR_Type*)	24	static
fsl_qtmr.c:68:6:void QTMR_Init(TMR_Type*, qtmr_channel_selection_t, const qtmr_config_t*)	24	static
fsl_qtmr.c:99:6:void QTMR_Deinit(TMR_Type*, qtmr_channel_selection_t)	16	static
fsl_qtmr.c:125:6:void QTMR_GetDefaultConfig(qtmr_config_t*)	16	static
fsl_qtmr.c:165:10:status_t QTMR_SetupPwm(TMR_Type*, qtmr_channel_selection_t, uint32_t, uint8_t, bool, uint32_t)	40	static
fsl_qtmr.c:238:6:void QTMR_SetupInputCapture(TMR_Type*, qtmr_channel_selection_t, qtmr_input_source_t, bool, bool, qtmr_input_capture_edge_t)	24	static
fsl_qtmr.c:279:6:void QTMR_EnableInterrupts(TMR_Type*, qtmr_channel_selection_t, uint32_t)	32	static
fsl_qtmr.c:325:6:void QTMR_DisableInterrupts(TMR_Type*, qtmr_channel_selection_t, uint32_t)	32	static
fsl_qtmr.c:370:10:uint32_t QTMR_GetEnabledInterrupts(TMR_Type*, qtmr_channel_selection_t)	24	static
fsl_qtmr.c:416:10:uint32_t QTMR_GetStatus(TMR_Type*, qtmr_channel_selection_t)	24	static
fsl_qtmr.c:461:6:void QTMR_ClearStatusFlags(TMR_Type*, qtmr_channel_selection_t, uint32_t)	32	static
fsl_qtmr.c:513:6:void QTMR_SetTimerPeriod(TMR_Type*, qtmr_channel_selection_t, uint16_t)	16	static
fsl_qtmr.c:538:6:void QTMR_EnableDma(TMR_Type*, qtmr_channel_selection_t, uint32_t)	32	static
fsl_qtmr.c:571:6:void QTMR_DisableDma(TMR_Type*, qtmr_channel_selection_t, uint32_t)	32	static
