core_cm7.h:1902:22:void __NVIC_EnableIRQ(IRQn_Type)	16	static
fsl_clock.h:1034:20:void CLOCK_ControlGate(clock_ip_name_t, clock_gate_value_t)	32	static
fsl_clock.h:1051:20:void CLOCK_EnableClock(clock_ip_name_t)	16	static
fsl_clock.h:1061:20:void CLOCK_DisableClock(clock_ip_name_t)	16	static
fsl_common.h:419:28:status_t EnableIRQ(IRQn_Type)	16	static
fsl_spdif.h:269:20:void SPDIF_RxEnable(SPDIF_Type*, bool)	16	static
fsl_spdif.h:295:24:uint32_t SPDIF_GetStatusFlag(SPDIF_Type*)	16	static
fsl_spdif.h:311:20:void SPDIF_ClearStatusFlags(SPDIF_Type*, uint32_t)	16	static
fsl_spdif.h:335:20:void SPDIF_EnableInterrupts(SPDIF_Type*, uint32_t)	16	static
fsl_spdif.h:352:20:void SPDIF_DisableInterrupts(SPDIF_Type*, uint32_t)	16	static
fsl_spdif.h:482:20:void SPDIF_WriteLeftData(SPDIF_Type*, uint32_t)	16	static
fsl_spdif.h:493:20:void SPDIF_WriteRightData(SPDIF_Type*, uint32_t)	16	static
fsl_spdif.h:537:24:uint32_t SPDIF_ReadLeftData(SPDIF_Type*)	16	static
fsl_spdif.h:549:24:uint32_t SPDIF_ReadRightData(SPDIF_Type*)	16	static
fsl_spdif.h:583:24:uint32_t SPDIF_ReadQChannel(SPDIF_Type*)	16	static
fsl_spdif.h:595:24:uint32_t SPDIF_ReadUChannel(SPDIF_Type*)	16	static
fsl_spdif.c:64:10:uint32_t SPDIF_GetInstance(SPDIF_Type*)	24	static
fsl_spdif.c:96:6:void SPDIF_Init(SPDIF_Type*, const spdif_config_t*)	24	static
fsl_spdif.c:135:6:void SPDIF_Deinit(SPDIF_Type*)	16	static
fsl_spdif.c:158:6:void SPDIF_GetDefaultConfig(spdif_config_t*)	16	static
fsl_spdif.c:181:6:void SPDIF_TxEnable(SPDIF_Type*, bool)	24	static
fsl_spdif.c:211:6:void SPDIF_TxSetSampleRate(SPDIF_Type*, uint32_t, uint32_t)	40	static
fsl_spdif.c:258:10:uint32_t SPDIF_GetRxSampleRate(SPDIF_Type*, uint32_t)	48	static
fsl_spdif.c:287:6:void SPDIF_WriteBlocking(SPDIF_Type*, uint8_t*, uint32_t)	40	static
fsl_spdif.c:331:6:void SPDIF_ReadBlocking(SPDIF_Type*, uint8_t*, uint32_t)	40	static
fsl_spdif.c:376:6:void SPDIF_TransferTxCreateHandle(SPDIF_Type*, spdif_handle_t*, spdif_transfer_callback_t, void*)	32	static
fsl_spdif.c:411:6:void SPDIF_TransferRxCreateHandle(SPDIF_Type*, spdif_handle_t*, spdif_transfer_callback_t, void*)	32	static
fsl_spdif.c:450:10:status_t SPDIF_TransferSendNonBlocking(SPDIF_Type*, spdif_handle_t*, spdif_transfer_t*)	24	static
fsl_spdif.c:493:10:status_t SPDIF_TransferReceiveNonBlocking(SPDIF_Type*, spdif_handle_t*, spdif_transfer_t*)	24	static
fsl_spdif.c:533:10:status_t SPDIF_TransferGetSendCount(SPDIF_Type*, spdif_handle_t*, size_t*)	32	static
fsl_spdif.c:560:10:status_t SPDIF_TransferGetReceiveCount(SPDIF_Type*, spdif_handle_t*, size_t*)	32	static
fsl_spdif.c:587:6:void SPDIF_TransferAbortSend(SPDIF_Type*, spdif_handle_t*)	16	static
fsl_spdif.c:611:6:void SPDIF_TransferAbortReceive(SPDIF_Type*, spdif_handle_t*)	16	static
fsl_spdif.c:633:6:void SPDIF_TransferTxHandleIRQ(SPDIF_Type*, spdif_handle_t*)	48	static
fsl_spdif.c:695:6:void SPDIF_TransferRxHandleIRQ(SPDIF_Type*, spdif_handle_t*)	48	static
fsl_spdif.c:814:6:void SPDIF_DriverIRQHandler()	8	static
