core_cm7.h:1902:22:void __NVIC_EnableIRQ(IRQn_Type)	16	static
fsl_clock.h:1034:20:void CLOCK_ControlGate(clock_ip_name_t, clock_gate_value_t)	32	static
fsl_clock.h:1051:20:void CLOCK_EnableClock(clock_ip_name_t)	16	static
fsl_clock.h:1061:20:void CLOCK_DisableClock(clock_ip_name_t)	16	static
fsl_common.h:419:28:status_t EnableIRQ(IRQn_Type)	16	static
fsl_csi.h:446:20:void CSI_Start(CSI_Type*)	16	static
fsl_csi.h:457:20:void CSI_Stop(CSI_Type*)	16	static
fsl_csi.c:122:17:uint32_t CSI_GetInstance(CSI_Type*)	24	static
fsl_csi.c:141:17:uint32_t CSI_TransferGetQueueDelta(uint32_t, uint32_t)	16	static
fsl_csi.c:153:17:uint32_t CSI_TransferIncreaseQueueIdx(uint32_t)	24	static
fsl_csi.c:174:17:uint32_t CSI_TransferGetEmptyBufferCount(CSI_Type*, csi_handle_t*)	16	static
fsl_csi.c:179:13:void CSI_TransferLoadBufferToDevice(CSI_Type*, csi_handle_t*)	16	static
fsl_csi.c:203:10:status_t CSI_Init(CSI_Type*, const csi_config_t*)	32	static
fsl_csi.c:302:6:void CSI_Deinit(CSI_Type*)	24	static
fsl_csi.c:319:6:void CSI_Reset(CSI_Type*)	24	static
fsl_csi.c:376:6:void CSI_GetDefaultConfig(csi_config_t*)	16	static
fsl_csi.c:400:6:void CSI_SetRxBufferAddr(CSI_Type*, uint8_t, uint32_t)	24	static
fsl_csi.c:420:6:void CSI_ClearFifo(CSI_Type*, csi_fifo_t)	24	static
fsl_csi.c:463:6:void CSI_ReflashFifoDma(CSI_Type*, csi_fifo_t)	24	static
fsl_csi.c:492:6:void CSI_EnableFifoDmaRequest(CSI_Type*, csi_fifo_t, bool)	24	static
fsl_csi.c:522:6:void CSI_EnableInterrupts(CSI_Type*, uint32_t)	16	static
fsl_csi.c:535:6:void CSI_DisableInterrupts(CSI_Type*, uint32_t)	16	static
fsl_csi.c:556:10:status_t CSI_TransferCreateHandle(CSI_Type*, csi_handle_t*, csi_transfer_callback_t, void*)	32	static
fsl_csi.c:598:10:status_t CSI_TransferStart(CSI_Type*, csi_handle_t*)	24	static
fsl_csi.c:651:10:status_t CSI_TransferStop(CSI_Type*, csi_handle_t*)	16	static
fsl_csi.c:682:10:status_t CSI_TransferSubmitEmptyBuffer(CSI_Type*, csi_handle_t*, uint32_t)	32	static
fsl_csi.c:748:10:status_t CSI_TransferGetFullBuffer(CSI_Type*, csi_handle_t*, uint32_t*)	32	static
fsl_csi.c:781:6:void CSI_TransferHandleIRQ(CSI_Type*, csi_handle_t*)	32	static
fsl_csi.c:1300:6:void CSI_DriverIRQHandler()	8	static
