fsl_clock.h:1034:20:void CLOCK_ControlGate(clock_ip_name_t, clock_gate_value_t)	32	static
fsl_clock.h:1051:20:void CLOCK_EnableClock(clock_ip_name_t)	16	static
fsl_clock.h:1061:20:void CLOCK_DisableClock(clock_ip_name_t)	16	static
fsl_dcdc.c:40:17:uint32_t DCDC_GetInstance(DCDC_Type*)	24	static
fsl_dcdc.c:63:6:void DCDC_Init(DCDC_Type*)	16	static
fsl_dcdc.c:76:6:void DCDC_Deinit(DCDC_Type*)	16	static
fsl_dcdc.c:90:6:void DCDC_SetClockSource(DCDC_Type*, dcdc_clock_source_t)	24	static
fsl_dcdc.c:134:6:void DCDC_GetDefaultDetectionConfig(dcdc_detection_config_t*)	16	static
fsl_dcdc.c:157:6:void DCDC_SetDetectionConfig(DCDC_Type*, const dcdc_detection_config_t*)	24	static
fsl_dcdc.c:211:6:void DCDC_GetDefaultLowPowerConfig(dcdc_low_power_config_t*)	16	static
fsl_dcdc.c:230:6:void DCDC_SetLowPowerConfig(DCDC_Type*, const dcdc_low_power_config_t*)	24	static
fsl_dcdc.c:257:10:uint32_t DCDC_GetstatusFlags(DCDC_Type*)	24	static
fsl_dcdc.c:275:6:void DCDC_ResetCurrentAlertSignal(DCDC_Type*, bool)	16	static
fsl_dcdc.c:305:6:void DCDC_GetDefaultLoopControlConfig(dcdc_loop_control_config_t*)	16	static
fsl_dcdc.c:328:6:void DCDC_SetLoopControlConfig(DCDC_Type*, const dcdc_loop_control_config_t*)	24	static
fsl_dcdc.c:371:6:void DCDC_SetMinPowerConfig(DCDC_Type*, const dcdc_min_power_config_t*)	24	static
fsl_dcdc.c:397:6:void DCDC_AdjustTargetVoltage(DCDC_Type*, uint32_t, uint32_t)	32	static
fsl_dcdc.c:423:6:void DCDC_SetInternalRegulatorConfig(DCDC_Type*, const dcdc_internal_regulator_config_t*)	24	static
fsl_dcdc.c:449:6:void DCDC_BootIntoDCM(DCDC_Type*)	16	static
fsl_dcdc.c:465:6:void DCDC_BootIntoCCM(DCDC_Type*)	16	static
