fsl_flexio.h:652:20:void FLEXIO_EnableShifterStatusDMA(FLEXIO_Type*, uint32_t, bool)	24	static
fsl_flexio_uart.h:265:24:uint32_t FLEXIO_UART_GetTxDataRegisterAddress(FLEXIO_UART_Type*)	16	static
fsl_flexio_uart.h:278:24:uint32_t FLEXIO_UART_GetRxDataRegisterAddress(FLEXIO_UART_Type*)	16	static
fsl_flexio_uart.h:291:20:void FLEXIO_UART_EnableTxDMA(FLEXIO_UART_Type*, bool)	16	static
fsl_flexio_uart.h:304:20:void FLEXIO_UART_EnableRxDMA(FLEXIO_UART_Type*, bool)	16	static
fsl_flexio_uart_edma.c:79:13:void FLEXIO_UART_TransferSendEDMACallback(edma_handle_t*, void*, bool, uint32_t)	40	static
fsl_flexio_uart_edma.c:101:13:void FLEXIO_UART_TransferReceiveEDMACallback(edma_handle_t*, void*, bool, uint32_t)	40	static
fsl_flexio_uart_edma.c:139:10:status_t FLEXIO_UART_TransferCreateHandleEDMA(FLEXIO_UART_Type*, flexio_uart_edma_handle_t*, flexio_uart_edma_transfer_callback_t, void*, edma_handle_t*, edma_handle_t*)	32	static
fsl_flexio_uart_edma.c:204:10:status_t FLEXIO_UART_TransferSendEDMA(FLEXIO_UART_Type*, flexio_uart_edma_handle_t*, flexio_uart_transfer_t*)	80	static
fsl_flexio_uart_edma.c:262:10:status_t FLEXIO_UART_TransferReceiveEDMA(FLEXIO_UART_Type*, flexio_uart_edma_handle_t*, flexio_uart_transfer_t*)	80	static
fsl_flexio_uart_edma.c:315:6:void FLEXIO_UART_TransferAbortSendEDMA(FLEXIO_UART_Type*, flexio_uart_edma_handle_t*)	16	static
fsl_flexio_uart_edma.c:336:6:void FLEXIO_UART_TransferAbortReceiveEDMA(FLEXIO_UART_Type*, flexio_uart_edma_handle_t*)	16	static
fsl_flexio_uart_edma.c:360:10:status_t FLEXIO_UART_TransferGetReceiveCountEDMA(FLEXIO_UART_Type*, flexio_uart_edma_handle_t*, size_t*)	32	static
fsl_flexio_uart_edma.c:391:10:status_t FLEXIO_UART_TransferGetSendCountEDMA(FLEXIO_UART_Type*, flexio_uart_edma_handle_t*, size_t*)	32	static
