fsl_clock.h:1034:20:void CLOCK_ControlGate(clock_ip_name_t, clock_gate_value_t)	32	static
fsl_clock.h:1051:20:void CLOCK_EnableClock(clock_ip_name_t)	16	static
fsl_clock.h:1061:20:void CLOCK_DisableClock(clock_ip_name_t)	16	static
fsl_flexio.h:375:20:void FLEXIO_Enable(FLEXIO_Type*, bool)	16	static
fsl_flexio.c:52:10:uint32_t FLEXIO_GetInstance(FLEXIO_Type*)	24	static
fsl_flexio.c:88:6:void FLEXIO_Init(FLEXIO_Type*, const flexio_config_t*)	24	static
fsl_flexio.c:117:6:void FLEXIO_Deinit(FLEXIO_Type*)	16	static
fsl_flexio.c:137:6:void FLEXIO_GetDefaultConfig(flexio_config_t*)	16	static
fsl_flexio.c:155:6:void FLEXIO_Reset(FLEXIO_Type*)	16	static
fsl_flexio.c:170:10:uint32_t FLEXIO_GetShifterBufferAddress(FLEXIO_Type*, flexio_shifter_buffer_type_t, uint8_t)	24	static
fsl_flexio.c:243:6:void FLEXIO_SetShifterConfig(FLEXIO_Type*, uint8_t, const flexio_shifter_config_t*)	24	static
fsl_flexio.c:288:6:void FLEXIO_SetTimerConfig(FLEXIO_Type*, uint8_t, const flexio_timer_config_t*)	24	static
fsl_flexio.c:314:10:status_t FLEXIO_RegisterHandleIRQ(void*, void*, flexio_isr_t)	32	static
fsl_flexio.c:352:10:status_t FLEXIO_UnregisterHandleIRQ(void*)	24	static
fsl_flexio.c:381:6:void FLEXIO_CommonIRQHandler()	16	static
fsl_flexio.c:399:6:void FLEXIO_DriverIRQHandler()	8	static
fsl_flexio.c:404:6:void FLEXIO0_DriverIRQHandler()	8	static
fsl_flexio.c:409:6:void FLEXIO1_DriverIRQHandler()	8	static
fsl_flexio.c:414:6:void UART2_FLEXIO_DriverIRQHandler()	8	static
fsl_flexio.c:419:6:void FLEXIO2_DriverIRQHandler()	8	static
fsl_flexio.c:424:6:void FLEXIO3_DriverIRQHandler()	8	static
