core_cm7.h:1902:22:void __NVIC_EnableIRQ(IRQn_Type)	16	static
core_cm7.h:1940:22:void __NVIC_DisableIRQ(IRQn_Type)	16	static
fsl_clock.h:1034:20:void CLOCK_ControlGate(clock_ip_name_t, clock_gate_value_t)	32	static
fsl_clock.h:1051:20:void CLOCK_EnableClock(clock_ip_name_t)	16	static
fsl_clock.h:1061:20:void CLOCK_DisableClock(clock_ip_name_t)	16	static
fsl_common.h:419:28:status_t EnableIRQ(IRQn_Type)	16	static
fsl_common.h:457:28:status_t DisableIRQ(IRQn_Type)	16	static
fsl_usdhc.h:784:20:void USDHC_EnableInternalDMA(USDHC_Type*, bool)	16	static
fsl_usdhc.h:810:20:void USDHC_EnableInterruptStatus(USDHC_Type*, uint32_t)	16	static
fsl_usdhc.h:821:20:void USDHC_DisableInterruptStatus(USDHC_Type*, uint32_t)	16	static
fsl_usdhc.h:832:20:void USDHC_EnableInterruptSignal(USDHC_Type*, uint32_t)	16	static
fsl_usdhc.h:843:20:void USDHC_DisableInterruptSignal(USDHC_Type*, uint32_t)	16	static
fsl_usdhc.h:861:24:uint32_t USDHC_GetEnabledInterruptStatusFlags(USDHC_Type*)	16	static
fsl_usdhc.h:872:24:uint32_t USDHC_GetInterruptStatusFlags(USDHC_Type*)	16	static
fsl_usdhc.h:883:20:void USDHC_ClearInterruptStatusFlags(USDHC_Type*, uint32_t)	16	static
fsl_usdhc.h:1017:20:void USDHC_WriteData(USDHC_Type*, uint32_t)	16	static
fsl_usdhc.h:1030:24:uint32_t USDHC_ReadData(USDHC_Type*)	16	static
fsl_usdhc.c:212:17:uint32_t USDHC_GetInstance(USDHC_Type*)	24	static
fsl_usdhc.c:226:13:void USDHC_SetTransferInterrupt(USDHC_Type*, bool)	24	static
fsl_usdhc.c:246:17:status_t USDHC_SetDataTransferConfig(USDHC_Type*, usdhc_data_t*, uint32_t*, bool)	32	static
fsl_usdhc.c:350:17:status_t USDHC_ReceiveCommandResponse(USDHC_Type*, usdhc_command_t*)	16	static
fsl_usdhc.c:382:17:uint32_t USDHC_ReadDataPort(USDHC_Type*, usdhc_data_t*, uint32_t)	40	static
fsl_usdhc.c:435:17:status_t USDHC_ReadByDataPortBlocking(USDHC_Type*, usdhc_data_t*)	32	static
fsl_usdhc.c:502:17:uint32_t USDHC_WriteDataPort(USDHC_Type*, usdhc_data_t*, uint32_t)	40	static
fsl_usdhc.c:554:17:status_t USDHC_WriteByDataPortBlocking(USDHC_Type*, usdhc_data_t*)	32	static
fsl_usdhc.c:633:6:void USDHC_SendCommand(USDHC_Type*, usdhc_command_t*)	24	static
fsl_usdhc.c:697:17:status_t USDHC_WaitCommandDone(USDHC_Type*, usdhc_command_t*, bool)	32	static
fsl_usdhc.c:736:17:status_t USDHC_TransferDataBlocking(USDHC_Type*, usdhc_data_t*, bool)	32	static
fsl_usdhc.c:808:6:void USDHC_Init(USDHC_Type*, const usdhc_config_t*)	32	static
fsl_usdhc.c:862:6:void USDHC_Deinit(USDHC_Type*)	16	static
fsl_usdhc.c:879:6:bool USDHC_Reset(USDHC_Type*, uint32_t, uint32_t)	24	static
fsl_usdhc.c:901:6:void USDHC_GetCapability(USDHC_Type*, usdhc_capability_t*)	24	static
fsl_usdhc.c:934:10:uint32_t USDHC_SetSdClock(USDHC_Type*, uint32_t, uint32_t)	48	static
fsl_usdhc.c:1047:6:bool USDHC_SetCardActive(USDHC_Type*, uint32_t)	16	static
fsl_usdhc.c:1070:6:void USDHC_EnableDDRMode(USDHC_Type*, bool, uint32_t)	32	static
fsl_usdhc.c:1115:6:void USDHC_SetMmcBootConfig(USDHC_Type*, const usdhc_boot_config_t*)	24	static
fsl_usdhc.c:1159:10:status_t USDHC_SetADMA1Descriptor(uint32_t*, uint32_t, const uint32_t*, uint32_t, uint32_t)	56	static
fsl_usdhc.c:1245:10:status_t USDHC_SetADMA2Descriptor(uint32_t*, uint32_t, const uint32_t*, uint32_t, uint32_t)	56	static
fsl_usdhc.c:1354:10:status_t USDHC_SetInternalDmaConfig(USDHC_Type*, usdhc_adma_config_t*, const uint32_t*, bool)	24	static
fsl_usdhc.c:1414:10:status_t USDHC_SetAdmaTableConfig(USDHC_Type*, usdhc_adma_config_t*, usdhc_data_t*, uint32_t)	48	static
fsl_usdhc.c:1485:10:status_t USDHC_TransferBlocking(USDHC_Type*, usdhc_adma_config_t*, usdhc_transfer_t*)	48	static
fsl_usdhc.c:1573:10:status_t USDHC_TransferNonBlocking(USDHC_Type*, usdhc_handle_t*, usdhc_adma_config_t*, usdhc_transfer_t*)	48	static
fsl_usdhc.c:1654:6:void USDHC_EnableManualTuning(USDHC_Type*, bool)	16	static
fsl_usdhc.c:1680:10:status_t USDHC_AdjustDelayForManualTuning(USDHC_Type*, uint32_t)	24	static
fsl_usdhc.c:1712:6:void USDHC_EnableStandardTuning(USDHC_Type*, uint32_t, uint32_t, bool)	32	static
fsl_usdhc.c:1746:6:void USDHC_EnableAutoTuningForCmdAndData(USDHC_Type*)	24	static
fsl_usdhc.c:1773:13:void USDHC_TransferHandleCardDetect(USDHC_Type*, usdhc_handle_t*, uint32_t)	24	static
fsl_usdhc.c:1791:13:void USDHC_TransferHandleCommand(USDHC_Type*, usdhc_handle_t*, uint32_t)	32	static
fsl_usdhc.c:1825:13:void USDHC_TransferHandleData(USDHC_Type*, usdhc_handle_t*, uint32_t)	32	static
fsl_usdhc.c:1873:13:void USDHC_TransferHandleSdioInterrupt(USDHC_Type*, usdhc_handle_t*)	16	static
fsl_usdhc.c:1881:13:void USDHC_TransferHandleReTuning(USDHC_Type*, usdhc_handle_t*, uint32_t)	24	static
fsl_usdhc.c:1891:13:void USDHC_TransferHandleBlockGap(USDHC_Type*, usdhc_handle_t*)	16	static
fsl_usdhc.c:1907:6:void USDHC_TransferCreateHandle(USDHC_Type*, usdhc_handle_t*, const usdhc_transfer_callback_t*, void*)	32	static
fsl_usdhc.c:1946:6:void USDHC_TransferHandleIRQ(USDHC_Type*, usdhc_handle_t*)	24	static
fsl_usdhc.c:1994:6:void USDHC1_DriverIRQHandler()	8	static
fsl_usdhc.c:2006:6:void USDHC2_DriverIRQHandler()	8	static
