fsl_pit.h:207:24:uint32_t PIT_GetStatusFlags(PIT_Type*, pit_chnl_t)	16	static
fsl_pit.h:220:20:void PIT_ClearStatusFlags(PIT_Type*, pit_chnl_t, uint32_t)	24	static
gthr-default.h:229:1:int __gthread_key_delete(__gthread_key_t)	16	static
isr.cpp:17:6:void PIT_IRQHandler()	8	static
isr.cpp:30:6:void GPIO1_Combined_0_15_IRQHandler()	8	static
isr.cpp:35:6:void GPIO1_Combined_16_31_IRQHandler()	8	static
isr.cpp:40:6:void GPIO2_Combined_0_15_IRQHandler()	8	static
isr.cpp:45:6:void GPIO2_Combined_16_31_IRQHandler()	8	static
isr.cpp:50:6:void GPIO3_Combined_0_15_IRQHandler()	8	static
isr.cpp:55:6:void GPIO3_Combined_16_31_IRQHandler()	8	static
isr.cpp:63:1:void __static_initialization_and_destruction_0(int, int)	16	static
isr.cpp:63:1:cpp)	8	static
