gthr-default.h:229:1:int __gthread_key_delete(__gthread_key_t)	16	static
fsl_gpio.h:160:20:void GPIO_PortToggle(GPIO_Type*, uint32_t)	16	static
drv_disp_lcd240.hpp:24:19:static lcd240_t& lcd240_t::getInst()	16	static
drv_uartmgr.hpp:16:20:static uartMgr_t& uartMgr_t::getInst(LPUART_Type*)	16	static
drv_uartmgr.hpp:64:10:)	28	static
drv_uartmgr.hpp:90:2:uartMgr_t::uartMgr_t(LPUART_Type*)	16	static
main.cpp:61:6:void blink()	8	static
main.cpp:70:5:int main()	80	static
main.cpp:146:1:void __static_initialization_and_destruction_0(int, int)	16	static
main.cpp:146:1:cpp)	8	static
