usb_device_ch9.c:119:21:usb_status_t USB_DeviceCh9GetStatus(usb_device_common_class_struct_t*, usb_setup_struct_t*, uint8_t**, uint32_t*)	32	static
usb_device_ch9.c:201:21:usb_status_t USB_DeviceCh9SetClearFeature(usb_device_common_class_struct_t*, usb_setup_struct_t*, uint8_t**, uint32_t*)	32	static
usb_device_ch9.c:306:21:usb_status_t USB_DeviceCh9SetAddress(usb_device_common_class_struct_t*, usb_setup_struct_t*, uint8_t**, uint32_t*)	32	static
usb_device_ch9.c:359:21:usb_status_t USB_DeviceCh9GetDescriptor(usb_device_common_class_struct_t*, usb_setup_struct_t*, uint8_t**, uint32_t*)	48	static
usb_device_ch9.c:462:21:usb_status_t USB_DeviceCh9GetConfiguration(usb_device_common_class_struct_t*, usb_setup_struct_t*, uint8_t**, uint32_t*)	32	static
usb_device_ch9.c:496:21:usb_status_t USB_DeviceCh9SetConfiguration(usb_device_common_class_struct_t*, usb_setup_struct_t*, uint8_t**, uint32_t*)	32	static
usb_device_ch9.c:540:21:usb_status_t USB_DeviceCh9GetInterface(usb_device_common_class_struct_t*, usb_setup_struct_t*, uint8_t**, uint32_t*)	32	static
usb_device_ch9.c:579:21:usb_status_t USB_DeviceCh9SetInterface(usb_device_common_class_struct_t*, usb_setup_struct_t*, uint8_t**, uint32_t*)	32	static
usb_device_ch9.c:617:21:usb_status_t USB_DeviceCh9SynchFrame(usb_device_common_class_struct_t*, usb_setup_struct_t*, uint8_t**, uint32_t*)	32	static
usb_device_ch9.c:668:21:usb_status_t USB_DeviceControlCallbackFeedback(usb_device_handle, usb_setup_struct_t*, usb_status_t, usb_device_control_read_write_sequence_t, uint8_t**, uint32_t*)	32	static
usb_device_ch9.c:722:14:usb_status_t USB_DeviceControlCallback(usb_device_handle, usb_device_endpoint_callback_message_struct_t*, void*)	168	static
usb_device_ch9.c:918:14:usb_status_t USB_DeviceControlPipeInit(usb_device_handle, void*)	40	static
