fsl_common.h:487:28:uint32_t DisableGlobalIRQ()	16	static
fsl_common.h:518:24:void EnableGlobalIRQ(uint32_t)	24	static
generic_list.c:17:22:list_status_t LIST_Scan(list_handle_t, list_element_handle_t)	24	static
generic_list.c:52:6:void LIST_Init(list_handle_t, uint32_t)	16	static
generic_list.c:75:15:list_tag* LIST_GetList(list_element_handle_t)	16	static
generic_list.c:96:15:list_status_t LIST_AddTail(list_handle_t, list_element_handle_t)	24	static
generic_list.c:146:15:list_status_t LIST_AddHead(list_handle_t, list_element_handle_t)	24	static
generic_list.c:195:23:list_element_tag* LIST_RemoveHead(list_handle_t)	24	static
generic_list.c:239:23:list_element_tag* LIST_GetHead(list_handle_t)	16	static
generic_list.c:259:23:list_element_tag* LIST_GetNext(list_element_handle_t)	16	static
generic_list.c:279:23:list_element_tag* LIST_GetPrev(list_element_handle_t)	16	static
generic_list.c:299:15:list_status_t LIST_RemoveElement(list_element_handle_t)	24	static
generic_list.c:349:15:list_status_t LIST_AddPrevElement(list_element_handle_t, list_element_handle_t)	24	static
generic_list.c:401:10:uint32_t LIST_GetSize(list_handle_t)	16	static
generic_list.c:420:10:uint32_t LIST_GetAvailableSize(list_handle_t)	16	static
