fsl_debug_console.c:318:10:status_t DbgConsole_ReadOneCharacter(uint8_t*)	24	static
fsl_debug_console.c:385:5:int DbgConsole_SendData(uint8_t*, size_t)	24	static
fsl_debug_console.c:452:5:int DbgConsole_SendDataReliable(uint8_t*, size_t)	24	static
fsl_debug_console.c:523:5:int DbgConsole_ReadLine(uint8_t*, size_t)	24	static
fsl_debug_console.c:578:5:int DbgConsole_ReadCharacter(uint8_t*)	24	static
fsl_debug_console.c:627:10:status_t DbgConsole_Init(uint8_t, uint32_t, serial_port_type_t, uint32_t)	64	static
fsl_debug_console.c:751:10:status_t DbgConsole_Deinit()	8	static
