fsl_clock.h:961:20:void CLOCK_SetMux(clock_mux_t, uint32_t)	24	static
fsl_clock.h:998:20:void CLOCK_SetDiv(clock_div_t, uint32_t)	24	static
fsl_clock.h:1034:20:void CLOCK_ControlGate(clock_ip_name_t, clock_gate_value_t)	32	static
fsl_clock.h:1061:20:void CLOCK_DisableClock(clock_ip_name_t)	16	static
fsl_clock.h:1195:20:void CLOCK_SetXtalFreq(uint32_t)	16	static
fsl_clock.h:1205:20:void CLOCK_SetRtcXtalFreq(uint32_t)	16	static
fsl_clock.h:1268:20:void CLOCK_SetPllBypass(CCM_ANALOG_Type*, clock_pll_t, bool)	24	static
fsl_clock.h:1316:20:void CLOCK_SetPllBypassRefClkSrc(CCM_ANALOG_Type*, clock_pll_t, uint32_t)	24	static
fsl_iomuxc.h:1142:20:void IOMUXC_EnableMode(IOMUXC_GPR_Type*, uint32_t, bool)	24	static
fsl_iomuxc.h:1165:20:void IOMUXC_SetSaiMClkClockSource(IOMUXC_GPR_Type*, iomuxc_gpr_saimclk_t, uint8_t)	24	static
fsl_iomuxc.h:1225:20:void IOMUXC_MQSConfig(IOMUXC_GPR_Type*, iomuxc_mqs_pwm_oversample_rate_t, uint8_t)	24	static
clock_config.c:41:6:void BOARD_InitBootClocks()	8	static
clock_config.c:164:6:void sysclk_run()	8	static
