core_cm7.h:1902:22:void __NVIC_EnableIRQ(IRQn_Type)	16	static
core_cm7.h:2032:22:void __NVIC_SetPriority(IRQn_Type, uint32_t)	16	static
fsl_common.h:419:28:status_t EnableIRQ(IRQn_Type)	16	static
fsl_pit.h:130:20:void PIT_SetTimerChainMode(PIT_Type*, pit_chnl_t, bool)	16	static
fsl_pit.h:159:20:void PIT_EnableInterrupts(PIT_Type*, pit_chnl_t, uint32_t)	24	static
fsl_pit.h:246:20:void PIT_SetTimerPeriod(PIT_Type*, pit_chnl_t, uint32_t)	24	static
fsl_pit.h:286:20:void PIT_StartTimer(PIT_Type*, pit_chnl_t)	16	static
fsl_cmp.h:154:20:void CMP_Enable(CMP_Type*, bool)	16	static
fsl_cmp.h:225:20:void CMP_EnableWindowMode(CMP_Type*, bool)	16	static
peripherals.c:74:6:void EDMA_init()	4	static
peripherals.c:127:6:void PIT_init()	8	static
peripherals.c:203:6:void CMP_1_init()	8	static
peripherals.c:267:6:void CMP_2_init()	8	static
peripherals.c:331:6:void CMP_3_init()	8	static
peripherals.c:395:6:void CMP_4_init()	8	static
peripherals.c:461:6:void UART_1_init()	8	static
peripherals.c:518:6:void UART_4_init()	8	static
peripherals.c:575:6:void UART_5_init()	8	static
peripherals.c:639:6:void ADC_1_init()	8	static
peripherals.c:798:6:void AOI_init()	8	static
peripherals.c:863:6:void CSI_init()	8	static
peripherals.c:953:6:void GPIO_1_init()	8	static
peripherals.c:996:6:void GPIO_2_init()	8	static
peripherals.c:1039:6:void GPIO_3_init()	8	static
peripherals.c:1110:6:void I2C_1_init()	8	static
peripherals.c:1173:6:void I2C_2_init()	8	static
peripherals.c:1224:6:void SPI_4_init()	8	static
peripherals.c:1294:6:void ENC_1_init()	8	static
peripherals.c:1365:6:void ENC_2_init()	8	static
peripherals.c:1373:6:void RTE_PIP()	8	static
peripherals.c:1405:6:void BOARD_InitBootPeripherals()	8	static
